20.171.207.11 - - [01/Sep/2025:23:26:04 +0000] "GET /shop/page/45/?_wpnonce=db39e0e258&add_to_wishlist=6372 HTTP/2.0" 200 47498 "-" "Mozilla/5.0 AppleWebKit/537.36 (KHTML, like Gecko; compatible; GPTBot/1.2; +https://openai.com/gptbot)"
20.171.207.11 - - [01/Sep/2025:23:26:05 +0000] "GET /shop/page/34/?_wpnonce=db39e0e258&add_to_wishlist=7911 HTTP/2.0" 200 47360 "-" "Mozilla/5.0 AppleWebKit/537.36 (KHTML, like Gecko; compatible; GPTBot/1.2; +https://openai.com/gptbot)"
20.171.207.11 - - [01/Sep/2025:23:26:06 +0000] "GET /shop/page/36/?_wpnonce=db39e0e258&add_to_wishlist=7911 HTTP/2.0" 200 44754 "-" "Mozilla/5.0 AppleWebKit/537.36 (KHTML, like Gecko; compatible; GPTBot/1.2; +https://openai.com/gptbot)"
177.196.94.105 - - [01/Sep/2025:23:26:06 +0000] "GET /product-category/hippie-clothes-for-woman/page/34/?_wpnonce=a2e5a1fd5f&add_to_wishlist=3949 HTTP/1.1" 200 47281 "-" "Mozilla/5.0 (iPod; U; CPU iPhone OS 3_1 like Mac OS X; yue-HK) AppleWebKit/532.10.5 (KHTML, like Gecko) Version/4.0.5 Mobile/8B119 Safari/6532.10.5"
20.171.207.11 - - [01/Sep/2025:23:26:07 +0000] "GET /shop/page/56/?_wpnonce=db39e0e258&add_to_wishlist=7112 HTTP/2.0" 200 44717 "-" "Mozilla/5.0 AppleWebKit/537.36 (KHTML, like Gecko; compatible; GPTBot/1.2; +https://openai.com/gptbot)"
186.54.30.59 - - [01/Sep/2025:23:26:08 +0000] "GET /product-category/hippie-bags-wholesale/cross-body-cotton-bags/page/10/?_wpnonce=0d008b8249&add_to_wishlist=15153 HTTP/1.1" 444 0 "-" "Opera/9.90.(X11; Linux i686; gl-ES) Presto/2.9.187 Version/12.00"
37.239.14.145 - - [01/Sep/2025:23:26:08 +0000] "GET /shop/page/206/?_wpnonce=a41ae4e82e&add_to_wishlist=1793 HTTP/1.1" 444 0 "-" "Mozilla/5.0 (compatible; MSIE 8.0; Windows NT 6.2; Trident/4.1)"
20.171.207.11 - - [01/Sep/2025:23:26:08 +0000] "GET /shop/page/9/?_wpnonce=db39e0e258&add_to_wishlist=6372 HTTP/2.0" 200 47821 "-" "Mozilla/5.0 AppleWebKit/537.36 (KHTML, like Gecko; compatible; GPTBot/1.2; +https://openai.com/gptbot)"
177.244.9.147 - - [01/Sep/2025:23:26:09 +0000] "GET /product-category/hippie-clothes-for-woman/page/44/?_wpnonce=31a0a7d660&add_to_wishlist=661 HTTP/1.1" 200 46917 "-" "Mozilla/5.0 (iPod; U; CPU iPhone OS 4_2 like Mac OS X; niu-NZ) AppleWebKit/531.13.7 (KHTML, like Gecko) Version/3.0.5 Mobile/8B118 Safari/6531.13.7"
113.188.128.254 - - [01/Sep/2025:23:26:09 +0000] "GET /product-category/hippie-clothes-for-woman/page/39/?_wpnonce=80eb8d384e&add_to_wishlist=6567 HTTP/1.1" 200 46667 "-" "Mozilla/5.0 (iPad; CPU iPad OS 7_1_2 like Mac OS X) AppleWebKit/535.2 (KHTML, like Gecko) CriOS/25.0.814.0 Mobile/90Q498 Safari/535.2"
170.150.246.185 - - [01/Sep/2025:23:26:09 +0000] "GET /product-category/hippie-clothes-for-woman/page/28/?_wpnonce=a50aaa3cce&add_to_wishlist=2387 HTTP/1.1" 200 45557 "-" "Mozilla/5.0 (iPad; CPU iPad OS 1_1_5 like Mac OS X) AppleWebKit/535.2 (KHTML, like Gecko) FxiOS/17.0b3656.0 Mobile/54V650 Safari/535.2"
20.171.207.11 - - [01/Sep/2025:23:26:09 +0000] "GET /shop/page/11/?_wpnonce=db39e0e258&add_to_wishlist=6372 HTTP/2.0" 200 47302 "-" "Mozilla/5.0 AppleWebKit/537.36 (KHTML, like Gecko; compatible; GPTBot/1.2; +https://openai.com/gptbot)"
114.119.139.53 - - [01/Sep/2025:23:26:10 +0000] "GET /skirts/cotton-skirt19 HTTP/1.1" 301 0 "https://www.clothinginnepal.com/skirts?page=3" "Mozilla/5.0 (Linux; Android 7.0;) AppleWebKit/537.36 (KHTML, like Gecko) Mobile Safari/537.36 (compatible; PetalBot;+https://webmaster.petalsearch.com/site/petalbot)"
20.171.207.11 - - [01/Sep/2025:23:26:11 +0000] "GET /shop/page/30/?_wpnonce=db39e0e258&add_to_wishlist=6372 HTTP/2.0" 200 47123 "-" "Mozilla/5.0 AppleWebKit/537.36 (KHTML, like Gecko; compatible; GPTBot/1.2; +https://openai.com/gptbot)"
20.171.207.11 - - [01/Sep/2025:23:26:12 +0000] "GET /shop/page/10/?_wpnonce=db39e0e258&add_to_wishlist=6372 HTTP/2.0" 200 47759 "-" "Mozilla/5.0 AppleWebKit/537.36 (KHTML, like Gecko; compatible; GPTBot/1.2; +https://openai.com/gptbot)"
131.72.196.108 - - [01/Sep/2025:23:26:02 +0000] "GET /product-category/hippie-clothes-for-woman/page/34/?_wpnonce=a2e5a1fd5f&add_to_wishlist=3949 HTTP/1.1" 444 0 "-" "Mozilla/5.0 (X11; Linux i686) AppleWebKit/531.0 (KHTML, like Gecko) Chrome/26.0.849.0 Safari/531.0"
131.72.85.215 - - [01/Sep/2025:21:59:33 +0000] "GET /product-category/hippie-bags-wholesale/cross-body-cotton-bags/page/7/?_wpnonce=b892071dfa&add_to_wishlist=2274 HTTP/1.1" 444 0 "-" "Mozilla/5.0 (X11; Linux i686) AppleWebKit/531.0 (KHTML, like Gecko) Chrome/51.0.871.0 Safari/531.0"
131.72.253.129 - - [01/Sep/2025:21:34:20 +0000] "GET /product-category/new-arrival-clothing-nepal/page/5/?_wpnonce=8e56f30977&add_to_wishlist=9707 HTTP/1.1" 444 0 "-" "Mozilla/5.0 (compatible; MSIE 5.0; Windows CE; Trident/4.0)"
131.72.254.248 - - [01/Sep/2025:23:01:20 +0000] "GET /product-category/hippie-kurtha-shirts/page/5/?_wpnonce=2fe3249778&add_to_wishlist=25525 HTTP/1.1" 444 0 "-" "Opera/8.26.(Windows 95; iw-IL) Presto/2.9.179 Version/11.00"
20.171.207.11 - - [01/Sep/2025:00:00:08 +0000] "GET /shop/page/73/?_wpnonce=db39e0e258&add_to_wishlist=6977 HTTP/2.0" 200 47645 "-" "Mozilla/5.0 AppleWebKit/537.36 (KHTML, like Gecko; compatible; GPTBot/1.2; +https://openai.com/gptbot)"
66.249.64.12 - - [01/Sep/2025:00:00:47 +0000] "GET /product/handmade-long-winter-coat-12/ HTTP/1.1" 301 0 "-" "Mozilla/5.0 (Linux; Android 6.0.1; Nexus 5X Build/MMB29P) AppleWebKit/537.36 (KHTML, like Gecko) Chrome/138.0.7204.183 Mobile Safari/537.36 (compatible; Googlebot/2.1; +http://www.google.com/bot.html)"
174.220.231.219 - - [01/Sep/2025:13:01:00 +0000] "GET /product/patch-trouser-nepal-41/?srsltid=AfmBOor28yVj0pFZd-wdVoUUT5WI6-pVqnaIBIcQfbw7VpqCngDgqOMvrb4 HTTP/2.0" 200 42077 "https://www.google.com/" "Mozilla/5.0 (Linux; Android 10; K) AppleWebKit/537.36 (KHTML, like Gecko) Chrome/139.0.0.0 Mobile Safari/537.36"
174.220.231.219 - - [01/Sep/2025:13:01:00 +0000] "GET /wp-content/plugins/contact-form-7/includes/css/styles.css?ver=6.1.1 HTTP/2.0" 200 1031 "https://www.clothinginnepal.com/product/patch-trouser-nepal-41/?srsltid=AfmBOor28yVj0pFZd-wdVoUUT5WI6-pVqnaIBIcQfbw7VpqCngDgqOMvrb4" "Mozilla/5.0 (Linux; Android 10; K) AppleWebKit/537.36 (KHTML, like Gecko) Chrome/139.0.0.0 Mobile Safari/537.36"
174.220.231.219 - - [01/Sep/2025:13:01:00 +0000] "GET /wp-content/plugins/woocommerce/assets/css/photoswipe/photoswipe.min.css?ver=10.1.1 HTTP/2.0" 200 997 "https://www.clothinginnepal.com/product/patch-trouser-nepal-41/?srsltid=AfmBOor28yVj0pFZd-wdVoUUT5WI6-pVqnaIBIcQfbw7VpqCngDgqOMvrb4" "Mozilla/5.0 (Linux; Android 10; K) AppleWebKit/537.36 (KHTML, like Gecko) Chrome/139.0.0.0 Mobile Safari/537.36"
174.220.231.219 - - [01/Sep/2025:13:01:00 +0000] "GET /wp-content/plugins/woocommerce/assets/css/photoswipe/default-skin/default-skin.min.css?ver=10.1.1 HTTP/2.0" 200 1952 "https://www.clothinginnepal.com/product/patch-trouser-nepal-41/?srsltid=AfmBOor28yVj0pFZd-wdVoUUT5WI6-pVqnaIBIcQfbw7VpqCngDgqOMvrb4" "Mozilla/5.0 (Linux; Android 10; K) AppleWebKit/537.36 (KHTML, like Gecko) Chrome/139.0.0.0 Mobile Safari/537.36"
174.220.231.219 - - [01/Sep/2025:13:01:00 +0000] "GET /wp-content/plugins/wp-whatsapp/assets/dist/css/style.css?ver=6.8.2 HTTP/2.0" 200 5252 "https://www.clothinginnepal.com/product/patch-trouser-nepal-41/?srsltid=AfmBOor28yVj0pFZd-wdVoUUT5WI6-pVqnaIBIcQfbw7VpqCngDgqOMvrb4" "Mozilla/5.0 (Linux; Android 10; K) AppleWebKit/537.36 (KHTML, like Gecko) Chrome/139.0.0.0 Mobile Safari/537.36"
174.220.231.219 - - [01/Sep/2025:13:01:00 +0000] "GET /wp-content/plugins/wt-woocommerce-related-products/public/css/custom-related-products-public.css?ver=1.7.3 HTTP/2.0" 200 719 "https://www.clothinginnepal.com/product/patch-trouser-nepal-41/?srsltid=AfmBOor28yVj0pFZd-wdVoUUT5WI6-pVqnaIBIcQfbw7VpqCngDgqOMvrb4" "Mozilla/5.0 (Linux; Android 10; K) AppleWebKit/537.36 (KHTML, like Gecko) Chrome/139.0.0.0 Mobile Safari/537.36"
174.220.231.219 - - [01/Sep/2025:13:01:00 +0000] "GET /wp-content/plugins/woocommerce/assets/css/brands.css?ver=10.1.1 HTTP/2.0" 200 684 "https://www.clothinginnepal.com/product/patch-trouser-nepal-41/?srsltid=AfmBOor28yVj0pFZd-wdVoUUT5WI6-pVqnaIBIcQfbw7VpqCngDgqOMvrb4" "Mozilla/5.0 (Linux; Android 10; K) AppleWebKit/537.36 (KHTML, like Gecko) Chrome/139.0.0.0 Mobile Safari/537.36"
174.220.231.219 - - [01/Sep/2025:13:01:00 +0000] "GET /wp-content/themes/flatsome/inc/integrations/wc-yith-wishlist/wishlist.css?ver=3.10.2 HTTP/2.0" 200 1189 "https://www.clothinginnepal.com/product/patch-trouser-nepal-41/?srsltid=AfmBOor28yVj0pFZd-wdVoUUT5WI6-pVqnaIBIcQfbw7VpqCngDgqOMvrb4" "Mozilla/5.0 (Linux; Android 10; K) AppleWebKit/537.36 (KHTML, like Gecko) Chrome/139.0.0.0 Mobile Safari/537.36"
174.220.231.219 - - [01/Sep/2025:13:01:00 +0000] "GET /wp-content/themes/flatsome/assets/css/extensions/flatsome-swatches-frontend.css?ver=3.18.1 HTTP/2.0" 200 1105 "https://www.clothinginnepal.com/product/patch-trouser-nepal-41/?srsltid=AfmBOor28yVj0pFZd-wdVoUUT5WI6-pVqnaIBIcQfbw7VpqCngDgqOMvrb4" "Mozilla/5.0 (Linux; Android 10; K) AppleWebKit/537.36 (KHTML, like Gecko) Chrome/139.0.0.0 Mobile Safari/537.36"
174.220.231.219 - - [01/Sep/2025:13:01:00 +0000] "GET /wp-content/themes/flatsome/assets/css/flatsome-shop.css?ver=3.18.1 HTTP/2.0" 200 6599 "https://www.clothinginnepal.com/product/patch-trouser-nepal-41/?srsltid=AfmBOor28yVj0pFZd-wdVoUUT5WI6-pVqnaIBIcQfbw7VpqCngDgqOMvrb4" "Mozilla/5.0 (Linux; Android 10; K) AppleWebKit/537.36 (KHTML, like Gecko) Chrome/139.0.0.0 Mobile Safari/537.36"
174.220.231.219 - - [01/Sep/2025:13:01:00 +0000] "GET /wp-content/themes/flatsome/assets/css/flatsome.css?ver=3.18.1 HTTP/2.0" 200 30142 "https://www.clothinginnepal.com/product/patch-trouser-nepal-41/?srsltid=AfmBOor28yVj0pFZd-wdVoUUT5WI6-pVqnaIBIcQfbw7VpqCngDgqOMvrb4" "Mozilla/5.0 (Linux; Android 10; K) AppleWebKit/537.36 (KHTML, like Gecko) Chrome/139.0.0.0 Mobile Safari/537.36"
174.220.231.219 - - [01/Sep/2025:13:01:00 +0000] "GET /wp-content/plugins/wt-woocommerce-related-products/public/js/custom-related-products-public.js?ver=1.7.3 HTTP/2.0" 200 203 "https://www.clothinginnepal.com/product/patch-trouser-nepal-41/?srsltid=AfmBOor28yVj0pFZd-wdVoUUT5WI6-pVqnaIBIcQfbw7VpqCngDgqOMvrb4" "Mozilla/5.0 (Linux; Android 10; K) AppleWebKit/537.36 (KHTML, like Gecko) Chrome/139.0.0.0 Mobile Safari/537.36"
174.220.231.219 - - [01/Sep/2025:13:01:00 +0000] "GET /wp-content/plugins/woocommerce/assets/js/js-cookie/js.cookie.min.js?ver=2.1.4-wc.10.1.1 HTTP/2.0" 200 833 "https://www.clothinginnepal.com/product/patch-trouser-nepal-41/?srsltid=AfmBOor28yVj0pFZd-wdVoUUT5WI6-pVqnaIBIcQfbw7VpqCngDgqOMvrb4" "Mozilla/5.0 (Linux; Android 10; K) AppleWebKit/537.36 (KHTML, like Gecko) Chrome/139.0.0.0 Mobile Safari/537.36"
174.220.231.219 - - [01/Sep/2025:13:01:00 +0000] "GET /wp-content/plugins/woocommerce/assets/js/jquery-blockui/jquery.blockUI.min.js?ver=2.7.0-wc.10.1.1 HTTP/2.0" 200 3537 "https://www.clothinginnepal.com/product/patch-trouser-nepal-41/?srsltid=AfmBOor28yVj0pFZd-wdVoUUT5WI6-pVqnaIBIcQfbw7VpqCngDgqOMvrb4" "Mozilla/5.0 (Linux; Android 10; K) AppleWebKit/537.36 (KHTML, like Gecko) Chrome/139.0.0.0 Mobile Safari/537.36"
174.220.231.219 - - [01/Sep/2025:13:01:00 +0000] "GET /wp-content/uploads/2023/09/logo-clothing-in-nepal-1.gif HTTP/2.0" 200 9205 "https://www.clothinginnepal.com/product/patch-trouser-nepal-41/?srsltid=AfmBOor28yVj0pFZd-wdVoUUT5WI6-pVqnaIBIcQfbw7VpqCngDgqOMvrb4" "Mozilla/5.0 (Linux; Android 10; K) AppleWebKit/537.36 (KHTML, like Gecko) Chrome/139.0.0.0 Mobile Safari/537.36"
174.220.231.219 - - [01/Sep/2025:13:01:00 +0000] "GET /wp-content/plugins/woocommerce/assets/client/blocks/wc-blocks.css?ver=wc-10.1.1 HTTP/2.0" 200 2575 "https://www.clothinginnepal.com/product/patch-trouser-nepal-41/?srsltid=AfmBOor28yVj0pFZd-wdVoUUT5WI6-pVqnaIBIcQfbw7VpqCngDgqOMvrb4" "Mozilla/5.0 (Linux; Android 10; K) AppleWebKit/537.36 (KHTML, like Gecko) Chrome/139.0.0.0 Mobile Safari/537.36"
174.220.231.219 - - [01/Sep/2025:13:01:00 +0000] "GET /wp-includes/js/jquery/jquery.min.js?ver=3.7.1 HTTP/2.0" 200 30368 "https://www.clothinginnepal.com/product/patch-trouser-nepal-41/?srsltid=AfmBOor28yVj0pFZd-wdVoUUT5WI6-pVqnaIBIcQfbw7VpqCngDgqOMvrb4" "Mozilla/5.0 (Linux; Android 10; K) AppleWebKit/537.36 (KHTML, like Gecko) Chrome/139.0.0.0 Mobile Safari/537.36"
174.220.231.219 - - [01/Sep/2025:13:01:00 +0000] "GET /wp-content/uploads/2019/12/patch-trouser40.jpg HTTP/2.0" 200 415470 "https://www.clothinginnepal.com/product/patch-trouser-nepal-41/?srsltid=AfmBOor28yVj0pFZd-wdVoUUT5WI6-pVqnaIBIcQfbw7VpqCngDgqOMvrb4" "Mozilla/5.0 (Linux; Android 10; K) AppleWebKit/537.36 (KHTML, like Gecko) Chrome/139.0.0.0 Mobile Safari/537.36"
174.220.231.219 - - [01/Sep/2025:13:01:00 +0000] "GET /wp-content/plugins/yith-woocommerce-wishlist/assets/css/jquery.selectBox.css?ver=1.2.0 HTTP/2.0" 200 932 "https://www.clothinginnepal.com/product/patch-trouser-nepal-41/?srsltid=AfmBOor28yVj0pFZd-wdVoUUT5WI6-pVqnaIBIcQfbw7VpqCngDgqOMvrb4" "Mozilla/5.0 (Linux; Android 10; K) AppleWebKit/537.36 (KHTML, like Gecko) Chrome/139.0.0.0 Mobile Safari/537.36"
174.220.231.219 - - [01/Sep/2025:13:01:00 +0000] "GET /wp-content/plugins/woocommerce/assets/css/prettyPhoto.css?ver=3.1.6 HTTP/2.0" 200 2007 "https://www.clothinginnepal.com/product/patch-trouser-nepal-41/?srsltid=AfmBOor28yVj0pFZd-wdVoUUT5WI6-pVqnaIBIcQfbw7VpqCngDgqOMvrb4" "Mozilla/5.0 (Linux; Android 10; K) AppleWebKit/537.36 (KHTML, like Gecko) Chrome/139.0.0.0 Mobile Safari/537.36"
174.220.231.219 - - [01/Sep/2025:13:01:00 +0000] "GET /wp-content/plugins/yith-woocommerce-wishlist/assets/css/style.css?ver=4.8.0 HTTP/2.0" 200 6571 "https://www.clothinginnepal.com/product/patch-trouser-nepal-41/?srsltid=AfmBOor28yVj0pFZd-wdVoUUT5WI6-pVqnaIBIcQfbw7VpqCngDgqOMvrb4" "Mozilla/5.0 (Linux; Android 10; K) AppleWebKit/537.36 (KHTML, like Gecko) Chrome/139.0.0.0 Mobile Safari/537.36"
174.220.231.219 - - [01/Sep/2025:13:01:00 +0000] "GET /wp-content/plugins/google-captcha/css/gglcptch.css?ver=1.83 HTTP/2.0" 200 336 "https://www.clothinginnepal.com/product/patch-trouser-nepal-41/?srsltid=AfmBOor28yVj0pFZd-wdVoUUT5WI6-pVqnaIBIcQfbw7VpqCngDgqOMvrb4" "Mozilla/5.0 (Linux; Android 10; K) AppleWebKit/537.36 (KHTML, like Gecko) Chrome/139.0.0.0 Mobile Safari/537.36"
174.220.231.219 - - [01/Sep/2025:13:01:00 +0000] "GET /wp-includes/js/dist/hooks.min.js?ver=4d63a3d491d11ffd8ac6 HTTP/2.0" 200 1648 "https://www.clothinginnepal.com/product/patch-trouser-nepal-41/?srsltid=AfmBOor28yVj0pFZd-wdVoUUT5WI6-pVqnaIBIcQfbw7VpqCngDgqOMvrb4" "Mozilla/5.0 (Linux; Android 10; K) AppleWebKit/537.36 (KHTML, like Gecko) Chrome/139.0.0.0 Mobile Safari/537.36"
174.220.231.219 - - [01/Sep/2025:13:01:00 +0000] "GET /wp-includes/js/dist/i18n.min.js?ver=5e580eb46a90c2b997e6 HTTP/2.0" 200 3667 "https://www.clothinginnepal.com/product/patch-trouser-nepal-41/?srsltid=AfmBOor28yVj0pFZd-wdVoUUT5WI6-pVqnaIBIcQfbw7VpqCngDgqOMvrb4" "Mozilla/5.0 (Linux; Android 10; K) AppleWebKit/537.36 (KHTML, like Gecko) Chrome/139.0.0.0 Mobile Safari/537.36"
174.220.231.219 - - [01/Sep/2025:13:01:00 +0000] "GET /wp-content/plugins/contact-form-7/includes/swv/js/index.js?ver=6.1.1 HTTP/2.0" 200 3503 "https://www.clothinginnepal.com/product/patch-trouser-nepal-41/?srsltid=AfmBOor28yVj0pFZd-wdVoUUT5WI6-pVqnaIBIcQfbw7VpqCngDgqOMvrb4" "Mozilla/5.0 (Linux; Android 10; K) AppleWebKit/537.36 (KHTML, like Gecko) Chrome/139.0.0.0 Mobile Safari/537.36"
174.220.231.219 - - [01/Sep/2025:13:01:00 +0000] "GET /wp-content/plugins/contact-form-7/includes/js/index.js?ver=6.1.1 HTTP/2.0" 200 4265 "https://www.clothinginnepal.com/product/patch-trouser-nepal-41/?srsltid=AfmBOor28yVj0pFZd-wdVoUUT5WI6-pVqnaIBIcQfbw7VpqCngDgqOMvrb4" "Mozilla/5.0 (Linux; Android 10; K) AppleWebKit/537.36 (KHTML, like Gecko) Chrome/139.0.0.0 Mobile Safari/537.36"
174.220.231.219 - - [01/Sep/2025:13:01:00 +0000] "GET /wp-content/plugins/woocommerce/assets/js/frontend/woocommerce.min.js?ver=10.1.1 HTTP/2.0" 200 1474 "https://www.clothinginnepal.com/product/patch-trouser-nepal-41/?srsltid=AfmBOor28yVj0pFZd-wdVoUUT5WI6-pVqnaIBIcQfbw7VpqCngDgqOMvrb4" "Mozilla/5.0 (Linux; Android 10; K) AppleWebKit/537.36 (KHTML, like Gecko) Chrome/139.0.0.0 Mobile Safari/537.36"
174.220.231.219 - - [01/Sep/2025:13:01:00 +0000] "GET /wp-content/plugins/wp-whatsapp/assets/js/whatsapp-button.js?ver=3.7.3 HTTP/2.0" 200 506 "https://www.clothinginnepal.com/product/patch-trouser-nepal-41/?srsltid=AfmBOor28yVj0pFZd-wdVoUUT5WI6-pVqnaIBIcQfbw7VpqCngDgqOMvrb4" "Mozilla/5.0 (Linux; Android 10; K) AppleWebKit/537.36 (KHTML, like Gecko) Chrome/139.0.0.0 Mobile Safari/537.36"
174.220.231.219 - - [01/Sep/2025:13:01:00 +0000] "GET /wp-content/themes/flatsome-child/js/custom.js?ver=1.0 HTTP/2.0" 200 270 "https://www.clothinginnepal.com/product/patch-trouser-nepal-41/?srsltid=AfmBOor28yVj0pFZd-wdVoUUT5WI6-pVqnaIBIcQfbw7VpqCngDgqOMvrb4" "Mozilla/5.0 (Linux; Android 10; K) AppleWebKit/537.36 (KHTML, like Gecko) Chrome/139.0.0.0 Mobile Safari/537.36"
174.220.231.219 - - [01/Sep/2025:13:01:00 +0000] "GET /wp-includes/js/hoverIntent.min.js?ver=1.10.2 HTTP/2.0" 200 706 "https://www.clothinginnepal.com/product/patch-trouser-nepal-41/?srsltid=AfmBOor28yVj0pFZd-wdVoUUT5WI6-pVqnaIBIcQfbw7VpqCngDgqOMvrb4" "Mozilla/5.0 (Linux; Android 10; K) AppleWebKit/537.36 (KHTML, like Gecko) Chrome/139.0.0.0 Mobile Safari/537.36"
174.220.231.219 - - [01/Sep/2025:13:01:00 +0000] "GET /wp-content/plugins/wp-whatsapp/assets/dist/js/njt-whatsapp.js?ver=3.7.3 HTTP/2.0" 200 18532 "https://www.clothinginnepal.com/product/patch-trouser-nepal-41/?srsltid=AfmBOor28yVj0pFZd-wdVoUUT5WI6-pVqnaIBIcQfbw7VpqCngDgqOMvrb4" "Mozilla/5.0 (Linux; Android 10; K) AppleWebKit/537.36 (KHTML, like Gecko) Chrome/139.0.0.0 Mobile Safari/537.36"
174.220.231.219 - - [01/Sep/2025:13:01:00 +0000] "GET /wp-content/themes/flatsome/inc/integrations/wc-yith-wishlist/wishlist.js?ver=3.10.2 HTTP/2.0" 200 687 "https://www.clothinginnepal.com/product/patch-trouser-nepal-41/?srsltid=AfmBOor28yVj0pFZd-wdVoUUT5WI6-pVqnaIBIcQfbw7VpqCngDgqOMvrb4" "Mozilla/5.0 (Linux; Android 10; K) AppleWebKit/537.36 (KHTML, like Gecko) Chrome/139.0.0.0 Mobile Safari/537.36"
174.220.231.219 - - [01/Sep/2025:13:01:00 +0000] "GET /wp-content/themes/flatsome/inc/extensions/flatsome-instant-page/flatsome-instant-page.js?ver=1.2.1 HTTP/2.0" 200 1034 "https://www.clothinginnepal.com/product/patch-trouser-nepal-41/?srsltid=AfmBOor28yVj0pFZd-wdVoUUT5WI6-pVqnaIBIcQfbw7VpqCngDgqOMvrb4" "Mozilla/5.0 (Linux; Android 10; K) AppleWebKit/537.36 (KHTML, like Gecko) Chrome/139.0.0.0 Mobile Safari/537.36"
174.220.231.219 - - [01/Sep/2025:13:01:00 +0000] "GET /wp-content/themes/flatsome/inc/extensions/flatsome-cookie-notice/flatsome-cookie-notice.js?ver=3.12.0 HTTP/2.0" 200 312 "https://www.clothinginnepal.com/product/patch-trouser-nepal-41/?srsltid=AfmBOor28yVj0pFZd-wdVoUUT5WI6-pVqnaIBIcQfbw7VpqCngDgqOMvrb4" "Mozilla/5.0 (Linux; Android 10; K) AppleWebKit/537.36 (KHTML, like Gecko) Chrome/139.0.0.0 Mobile Safari/537.36"
174.220.231.219 - - [01/Sep/2025:13:01:00 +0000] "GET /wp-content/themes/flatsome/inc/extensions/flatsome-live-search/flatsome-live-search.js?ver=3.18.1 HTTP/2.0" 200 4967 "https://www.clothinginnepal.com/product/patch-trouser-nepal-41/?srsltid=AfmBOor28yVj0pFZd-wdVoUUT5WI6-pVqnaIBIcQfbw7VpqCngDgqOMvrb4" "Mozilla/5.0 (Linux; Android 10; K) AppleWebKit/537.36 (KHTML, like Gecko) Chrome/139.0.0.0 Mobile Safari/537.36"
172.178.116.230 - - [01/Sep/2025:13:01:57 +0000] "POST /wp-cron.php?doing_wp_cron=1756731716.9638009071350097656250 HTTP/1.1" 200 0 "-" "WordPress/6.8.2; https://www.clothinginnepal.com"
124.184.68.204 - - [01/Sep/2025:13:04:07 +0000] "GET / HTTP/2.0" 200 48764 "https://www.google.com/" "Mozilla/5.0 (Macintosh; Intel Mac OS X 10_15_7) AppleWebKit/537.36 (KHTML, like Gecko) Chrome/137.0.0.0 Safari/537.36"
35.245.215.184 - - [01/Sep/2025:15:17:59 +0000] "GET //wp-includes/wlwmanifest.xml HTTP/1.1" 301 0 "-" "Mozilla/5.0 (Windows NT 10.0; Win64; x64) AppleWebKit/537.36 (KHTML, like Gecko) Chrome/88.0.4240.193 Safari/537.36"
35.245.215.184 - - [01/Sep/2025:15:17:59 +0000] "GET //xmlrpc.php?rsd HTTP/1.1" 200 853 "-" "Mozilla/5.0 (Windows NT 10.0; Win64; x64) AppleWebKit/537.36 (KHTML, like Gecko) Chrome/88.0.4240.193 Safari/537.36"
20.171.207.11 - - [01/Sep/2025:15:17:59 +0000] "GET /shop/page/34/?_wpnonce=5da502b7ae&add_to_wishlist=8469 HTTP/2.0" 200 47342 "-" "Mozilla/5.0 AppleWebKit/537.36 (KHTML, like Gecko; compatible; GPTBot/1.2; +https://openai.com/gptbot)"
35.245.215.184 - - [01/Sep/2025:15:17:59 +0000] "GET //?author=1 HTTP/1.1" 301 0 "-" "Mozilla/5.0 (Windows NT 10.0; Win64; x64) AppleWebKit/537.36 (KHTML, like Gecko) Chrome/88.0.4240.193 Safari/537.36"
35.245.215.184 - - [01/Sep/2025:15:17:59 +0000] "GET //?author=2 HTTP/1.1" 301 0 "-" "Mozilla/5.0 (Windows NT 10.0; Win64; x64) AppleWebKit/537.36 (KHTML, like Gecko) Chrome/88.0.4240.193 Safari/537.36"
35.245.215.184 - - [01/Sep/2025:15:18:00 +0000] "GET //?author=3 HTTP/1.1" 301 0 "-" "Mozilla/5.0 (Windows NT 10.0; Win64; x64) AppleWebKit/537.36 (KHTML, like Gecko) Chrome/88.0.4240.193 Safari/537.36"
35.245.215.184 - - [01/Sep/2025:15:18:00 +0000] "GET //wp-json/wp/v2/users/ HTTP/1.1" 200 10014 "-" "Mozilla/5.0 (Windows NT 10.0; Win64; x64) AppleWebKit/537.36 (KHTML, like Gecko) Chrome/88.0.4240.193 Safari/537.36"
35.245.215.184 - - [01/Sep/2025:15:18:00 +0000] "GET //wp-json/oembed/1.0/embed?url=https://www.clothinginnepal.com/ HTTP/1.1" 200 2550 "-" "Mozilla/5.0 (Windows NT 10.0; Win64; x64) AppleWebKit/537.36 (KHTML, like Gecko) Chrome/88.0.4240.193 Safari/537.36"
20.171.207.11 - - [01/Sep/2025:15:18:00 +0000] "GET /shop/page/33/?_wpnonce=5da502b7ae&add_to_wishlist=8469 HTTP/2.0" 200 47207 "-" "Mozilla/5.0 AppleWebKit/537.36 (KHTML, like Gecko; compatible; GPTBot/1.2; +https://openai.com/gptbot)"
35.245.215.184 - - [01/Sep/2025:15:18:01 +0000] "POST //xmlrpc.php HTTP/1.1" 200 401 "-" "Mozilla/5.0 (Windows NT 10.0; Win64; x64) AppleWebKit/537.36 (KHTML, like Gecko) Chrome/88.0.4240.193 Safari/537.36"
103.129.120.40 - - [01/Sep/2025:23:29:50 +0000] "GET /product/wholesale-bohemian-clothing-hippie-girl-dress-ethically-made-fashion-016/?srsltid=AfmBOorQoI6eo9vif80WFkSLrxA8LXA85szaDWQGyvzvqnalD6zjqmbh HTTP/2.0" 200 45474 "https://www.google.com/" "Mozilla/5.0 (Macintosh; Intel Mac OS X 10_15_7) AppleWebKit/537.36 (KHTML, like Gecko) Chrome/116.0.0.0 Safari/537.36"
103.129.120.40 - - [01/Sep/2025:23:29:50 +0000] "GET /wp-content/plugins/wp-whatsapp/assets/dist/css/style.css?ver=6.8.2 HTTP/2.0" 200 5252 "https://www.clothinginnepal.com/product/wholesale-bohemian-clothing-hippie-girl-dress-ethically-made-fashion-016/?srsltid=AfmBOorQoI6eo9vif80WFkSLrxA8LXA85szaDWQGyvzvqnalD6zjqmbh" "Mozilla/5.0 (Macintosh; Intel Mac OS X 10_15_7) AppleWebKit/537.36 (KHTML, like Gecko) Chrome/116.0.0.0 Safari/537.36"
103.129.120.40 - - [01/Sep/2025:23:29:50 +0000] "GET /wp-content/plugins/contact-form-7/includes/css/styles.css?ver=6.1.1 HTTP/2.0" 200 1031 "https://www.clothinginnepal.com/product/wholesale-bohemian-clothing-hippie-girl-dress-ethically-made-fashion-016/?srsltid=AfmBOorQoI6eo9vif80WFkSLrxA8LXA85szaDWQGyvzvqnalD6zjqmbh" "Mozilla/5.0 (Macintosh; Intel Mac OS X 10_15_7) AppleWebKit/537.36 (KHTML, like Gecko) Chrome/116.0.0.0 Safari/537.36"
103.129.120.40 - - [01/Sep/2025:23:29:50 +0000] "GET /wp-content/plugins/woocommerce/assets/css/photoswipe/photoswipe.min.css?ver=10.1.1 HTTP/2.0" 200 997 "https://www.clothinginnepal.com/product/wholesale-bohemian-clothing-hippie-girl-dress-ethically-made-fashion-016/?srsltid=AfmBOorQoI6eo9vif80WFkSLrxA8LXA85szaDWQGyvzvqnalD6zjqmbh" "Mozilla/5.0 (Macintosh; Intel Mac OS X 10_15_7) AppleWebKit/537.36 (KHTML, like Gecko) Chrome/116.0.0.0 Safari/537.36"
103.129.120.40 - - [01/Sep/2025:23:29:50 +0000] "GET /wp-content/plugins/woocommerce/assets/css/photoswipe/default-skin/default-skin.min.css?ver=10.1.1 HTTP/2.0" 200 1952 "https://www.clothinginnepal.com/product/wholesale-bohemian-clothing-hippie-girl-dress-ethically-made-fashion-016/?srsltid=AfmBOorQoI6eo9vif80WFkSLrxA8LXA85szaDWQGyvzvqnalD6zjqmbh" "Mozilla/5.0 (Macintosh; Intel Mac OS X 10_15_7) AppleWebKit/537.36 (KHTML, like Gecko) Chrome/116.0.0.0 Safari/537.36"
103.129.120.40 - - [01/Sep/2025:23:29:50 +0000] "GET /wp-content/plugins/wt-woocommerce-related-products/public/css/custom-related-products-public.css?ver=1.7.3 HTTP/2.0" 200 719 "https://www.clothinginnepal.com/product/wholesale-bohemian-clothing-hippie-girl-dress-ethically-made-fashion-016/?srsltid=AfmBOorQoI6eo9vif80WFkSLrxA8LXA85szaDWQGyvzvqnalD6zjqmbh" "Mozilla/5.0 (Macintosh; Intel Mac OS X 10_15_7) AppleWebKit/537.36 (KHTML, like Gecko) Chrome/116.0.0.0 Safari/537.36"
103.129.120.40 - - [01/Sep/2025:23:29:50 +0000] "GET /wp-content/plugins/woocommerce/assets/css/brands.css?ver=10.1.1 HTTP/2.0" 200 684 "https://www.clothinginnepal.com/product/wholesale-bohemian-clothing-hippie-girl-dress-ethically-made-fashion-016/?srsltid=AfmBOorQoI6eo9vif80WFkSLrxA8LXA85szaDWQGyvzvqnalD6zjqmbh" "Mozilla/5.0 (Macintosh; Intel Mac OS X 10_15_7) AppleWebKit/537.36 (KHTML, like Gecko) Chrome/116.0.0.0 Safari/537.36"
103.129.120.40 - - [01/Sep/2025:23:29:50 +0000] "GET /wp-content/themes/flatsome/inc/integrations/wc-yith-wishlist/wishlist.css?ver=3.10.2 HTTP/2.0" 200 1189 "https://www.clothinginnepal.com/product/wholesale-bohemian-clothing-hippie-girl-dress-ethically-made-fashion-016/?srsltid=AfmBOorQoI6eo9vif80WFkSLrxA8LXA85szaDWQGyvzvqnalD6zjqmbh" "Mozilla/5.0 (Macintosh; Intel Mac OS X 10_15_7) AppleWebKit/537.36 (KHTML, like Gecko) Chrome/116.0.0.0 Safari/537.36"
103.129.120.40 - - [01/Sep/2025:23:29:50 +0000] "GET /wp-content/themes/flatsome/assets/css/extensions/flatsome-swatches-frontend.css?ver=3.18.1 HTTP/2.0" 200 1105 "https://www.clothinginnepal.com/product/wholesale-bohemian-clothing-hippie-girl-dress-ethically-made-fashion-016/?srsltid=AfmBOorQoI6eo9vif80WFkSLrxA8LXA85szaDWQGyvzvqnalD6zjqmbh" "Mozilla/5.0 (Macintosh; Intel Mac OS X 10_15_7) AppleWebKit/537.36 (KHTML, like Gecko) Chrome/116.0.0.0 Safari/537.36"
103.129.120.40 - - [01/Sep/2025:23:29:50 +0000] "GET /wp-content/themes/flatsome/assets/css/flatsome-shop.css?ver=3.18.1 HTTP/2.0" 200 6599 "https://www.clothinginnepal.com/product/wholesale-bohemian-clothing-hippie-girl-dress-ethically-made-fashion-016/?srsltid=AfmBOorQoI6eo9vif80WFkSLrxA8LXA85szaDWQGyvzvqnalD6zjqmbh" "Mozilla/5.0 (Macintosh; Intel Mac OS X 10_15_7) AppleWebKit/537.36 (KHTML, like Gecko) Chrome/116.0.0.0 Safari/537.36"
103.129.120.40 - - [01/Sep/2025:23:29:50 +0000] "GET /wp-content/plugins/woocommerce/assets/js/jquery-blockui/jquery.blockUI.min.js?ver=2.7.0-wc.10.1.1 HTTP/2.0" 200 3537 "https://www.clothinginnepal.com/product/wholesale-bohemian-clothing-hippie-girl-dress-ethically-made-fashion-016/?srsltid=AfmBOorQoI6eo9vif80WFkSLrxA8LXA85szaDWQGyvzvqnalD6zjqmbh" "Mozilla/5.0 (Macintosh; Intel Mac OS X 10_15_7) AppleWebKit/537.36 (KHTML, like Gecko) Chrome/116.0.0.0 Safari/537.36"
103.129.120.40 - - [01/Sep/2025:23:29:50 +0000] "GET /wp-content/plugins/wt-woocommerce-related-products/public/js/custom-related-products-public.js?ver=1.7.3 HTTP/2.0" 200 203 "https://www.clothinginnepal.com/product/wholesale-bohemian-clothing-hippie-girl-dress-ethically-made-fashion-016/?srsltid=AfmBOorQoI6eo9vif80WFkSLrxA8LXA85szaDWQGyvzvqnalD6zjqmbh" "Mozilla/5.0 (Macintosh; Intel Mac OS X 10_15_7) AppleWebKit/537.36 (KHTML, like Gecko) Chrome/116.0.0.0 Safari/537.36"
103.129.120.40 - - [01/Sep/2025:23:29:50 +0000] "GET /wp-content/plugins/woocommerce/assets/js/js-cookie/js.cookie.min.js?ver=2.1.4-wc.10.1.1 HTTP/2.0" 200 833 "https://www.clothinginnepal.com/product/wholesale-bohemian-clothing-hippie-girl-dress-ethically-made-fashion-016/?srsltid=AfmBOorQoI6eo9vif80WFkSLrxA8LXA85szaDWQGyvzvqnalD6zjqmbh" "Mozilla/5.0 (Macintosh; Intel Mac OS X 10_15_7) AppleWebKit/537.36 (KHTML, like Gecko) Chrome/116.0.0.0 Safari/537.36"
103.129.120.40 - - [01/Sep/2025:23:29:50 +0000] "GET /wp-content/themes/flatsome/assets/css/flatsome.css?ver=3.18.1 HTTP/2.0" 200 30142 "https://www.clothinginnepal.com/product/wholesale-bohemian-clothing-hippie-girl-dress-ethically-made-fashion-016/?srsltid=AfmBOorQoI6eo9vif80WFkSLrxA8LXA85szaDWQGyvzvqnalD6zjqmbh" "Mozilla/5.0 (Macintosh; Intel Mac OS X 10_15_7) AppleWebKit/537.36 (KHTML, like Gecko) Chrome/116.0.0.0 Safari/537.36"
103.129.120.40 - - [01/Sep/2025:23:29:51 +0000] "GET /wp-includes/js/jquery/jquery.min.js?ver=3.7.1 HTTP/2.0" 200 30368 "https://www.clothinginnepal.com/product/wholesale-bohemian-clothing-hippie-girl-dress-ethically-made-fashion-016/?srsltid=AfmBOorQoI6eo9vif80WFkSLrxA8LXA85szaDWQGyvzvqnalD6zjqmbh" "Mozilla/5.0 (Macintosh; Intel Mac OS X 10_15_7) AppleWebKit/537.36 (KHTML, like Gecko) Chrome/116.0.0.0 Safari/537.36"
103.129.120.40 - - [01/Sep/2025:23:29:51 +0000] "GET /wp-content/uploads/2019/12/woman-long-dress16.jpg HTTP/2.0" 200 55305 "https://www.clothinginnepal.com/product/wholesale-bohemian-clothing-hippie-girl-dress-ethically-made-fashion-016/?srsltid=AfmBOorQoI6eo9vif80WFkSLrxA8LXA85szaDWQGyvzvqnalD6zjqmbh" "Mozilla/5.0 (Macintosh; Intel Mac OS X 10_15_7) AppleWebKit/537.36 (KHTML, like Gecko) Chrome/116.0.0.0 Safari/537.36"
66.249.64.13 - - [01/Sep/2025:00:00:10 +0000] "GET /product/shoulder-bag-01/ HTTP/1.1" 200 43296 "-" "Mozilla/5.0 (compatible; Googlebot/2.1; +http://www.google.com/bot.html)"
34.174.84.95 - - [01/Sep/2025:21:37:39 +0000] "GET /robots.txt HTTP/1.1" 200 204 "-" "Mozilla/5.0 (Windows NT 10.0; Win64; x64) AppleWebKit/537.36 (KHTML, like Gecko) Chrome/137.0.0.0 Safari/537.36"
34.174.84.95 - - [01/Sep/2025:21:37:39 +0000] "GET /product-category/hippie-wool-clothing/wool-beanie-hats/page/3/?add_to_wishlist=8878 HTTP/1.1" 200 45898 "-" "Mozilla/5.0 (Windows NT 10.0; Win64; x64) AppleWebKit/537.36 (KHTML, like Gecko) Chrome/137.0.0.0 Safari/537.36"
66.249.64.12 - - [01/Sep/2025:21:37:39 +0000] "GET /product/tamang-children-dress-005/ HTTP/1.1" 200 41194 "-" "Mozilla/5.0 (Linux; Android 6.0.1; Nexus 5X Build/MMB29P) AppleWebKit/537.36 (KHTML, like Gecko) Chrome/138.0.7204.183 Mobile Safari/537.36 (compatible; Googlebot/2.1; +http://www.google.com/bot.html)"
144.76.32.151 - - [01/Sep/2025:21:37:39 +0000] "GET /product/cotton-jacket-243/ HTTP/1.1" 444 0 "-" "Mozilla/5.0 (compatible; BLEXBot/1.0; +https://help.seranking.com/en/blex-crawler)"
34.174.84.95 - - [01/Sep/2025:21:37:40 +0000] "GET /product-category/hippie-wool-clothing/wool-beanie-hats/page/3/?add_to_wishlist=1771& HTTP/1.1" 301 0 "-" "Mozilla/5.0 (Windows NT 10.0; Win64; x64) AppleWebKit/537.36 (KHTML, like Gecko) Chrome/137.0.0.0 Safari/537.36"
34.174.84.95 - - [01/Sep/2025:21:37:40 +0000] "GET /product-category/himalayan-hemp/side-bag/ HTTP/1.1" 200 43399 "-" "Mozilla/5.0 (Windows NT 10.0; Win64; x64) AppleWebKit/537.36 (KHTML, like Gecko) Chrome/137.0.0.0 Safari/537.36"
202.51.88.202 - - [01/Sep/2025:02:18:02 +0000] "GET /?srsltid=AfmBOoq3UCe_5RCpiscTe7HUc-VBVff2RM5BkCtL8r9_HQM-vD_8R8Bt HTTP/2.0" 200 48896 "https://www.google.com/" "Mozilla/5.0 (Windows NT 10.0; Win64; x64) AppleWebKit/537.36 (KHTML, like Gecko) Chrome/139.0.0.0 Safari/537.36 Edg/139.0.0.0"
202.51.88.202 - - [01/Sep/2025:02:18:03 +0000] "GET /wp-content/plugins/wp-whatsapp/assets/dist/css/style.css?ver=6.8.2 HTTP/2.0" 200 5252 "https://www.clothinginnepal.com/?srsltid=AfmBOoq3UCe_5RCpiscTe7HUc-VBVff2RM5BkCtL8r9_HQM-vD_8R8Bt" "Mozilla/5.0 (Windows NT 10.0; Win64; x64) AppleWebKit/537.36 (KHTML, like Gecko) Chrome/139.0.0.0 Safari/537.36 Edg/139.0.0.0"
202.51.88.202 - - [01/Sep/2025:02:18:03 +0000] "GET /wp-content/plugins/wt-woocommerce-related-products/public/css/custom-related-products-public.css?ver=1.7.3 HTTP/2.0" 200 719 "https://www.clothinginnepal.com/?srsltid=AfmBOoq3UCe_5RCpiscTe7HUc-VBVff2RM5BkCtL8r9_HQM-vD_8R8Bt" "Mozilla/5.0 (Windows NT 10.0; Win64; x64) AppleWebKit/537.36 (KHTML, like Gecko) Chrome/139.0.0.0 Safari/537.36 Edg/139.0.0.0"
202.51.88.202 - - [01/Sep/2025:02:18:03 +0000] "GET /wp-content/plugins/contact-form-7/includes/css/styles.css?ver=6.1.1 HTTP/2.0" 200 1031 "https://www.clothinginnepal.com/?srsltid=AfmBOoq3UCe_5RCpiscTe7HUc-VBVff2RM5BkCtL8r9_HQM-vD_8R8Bt" "Mozilla/5.0 (Windows NT 10.0; Win64; x64) AppleWebKit/537.36 (KHTML, like Gecko) Chrome/139.0.0.0 Safari/537.36 Edg/139.0.0.0"
34.174.199.107 - - [01/Sep/2025:10:57:55 +0000] "GET /robots.txt HTTP/1.1" 200 204 "-" "Mozilla/5.0 (X11; Linux x86_64) AppleWebKit/537.36 (KHTML, like Gecko) Chrome/136.0.0.0 Safari/537.36"
144.76.32.151 - - [01/Sep/2025:00:01:20 +0000] "GET /product-category/hippie-clothes-for-woman/handmade-hippie-skirts/ HTTP/1.1" 444 0 "-" "Mozilla/5.0 (compatible; BLEXBot/1.0; +https://help.seranking.com/en/blex-crawler)"
34.174.117.136 - - [01/Sep/2025:17:18:50 +0000] "GET /robots.txt HTTP/1.1" 200 204 "-" "Mozilla/5.0 (Macintosh; Intel Mac OS X 10_15_7) AppleWebKit/537.36 (KHTML, like Gecko) Chrome/136.0.0.0 Safari/537.36"
